Archive member included to satisfy reference by file (symbol)

C:/arm-compiler/xpack-arm-none-eabi-gcc-15.2.1-1.1/bin/../lib/gcc/arm-none-eabi/15.2.1/../../../../arm-none-eabi/lib/thumb/v7e-m+fp/hard\libstdc++_nano.a(del_op.o)
                              CMakeFiles/Stm32-Nucleo.dir/D_/Projetos/Simulador-IA/Bibliotecas-Globais-C/eFLL/eFLL_wrapper.cpp.obj (operator delete(void*))
C:/arm-compiler/xpack-arm-none-eabi-gcc-15.2.1-1.1/bin/../lib/gcc/arm-none-eabi/15.2.1/../../../../arm-none-eabi/lib/thumb/v7e-m+fp/hard\libstdc++_nano.a(new_op.o)
                              CMakeFiles/Stm32-Nucleo.dir/D_/Projetos/Simulador-IA/Bibliotecas-Globais-C/eFLL/FuzzyOutput.cpp.obj (operator new(unsigned int))
C:/arm-compiler/xpack-arm-none-eabi-gcc-15.2.1-1.1/bin/../lib/gcc/arm-none-eabi/15.2.1/../../../../arm-none-eabi/lib/thumb/v7e-m+fp/hard\libstdc++_nano.a(new_handler.o)
                              C:/arm-compiler/xpack-arm-none-eabi-gcc-15.2.1-1.1/bin/../lib/gcc/arm-none-eabi/15.2.1/../../../../arm-none-eabi/lib/thumb/v7e-m+fp/hard\libstdc++_nano.a(new_op.o) (std::get_new_handler())
C:/arm-compiler/xpack-arm-none-eabi-gcc-15.2.1-1.1/bin/../lib/gcc/arm-none-eabi/15.2.1/thumb/v7e-m+fp/hard\libgcc.a(_arm_muldf3.o)
                              CMakeFiles/Stm32-Nucleo.dir/D_/Projetos/Simulador-IA/Bibliotecas-Globais-C/eFLL/FuzzyComposition.cpp.obj (__aeabi_dmul)
C:/arm-compiler/xpack-arm-none-eabi-gcc-15.2.1-1.1/bin/../lib/gcc/arm-none-eabi/15.2.1/thumb/v7e-m+fp/hard\libgcc.a(_arm_addsubdf3.o)
                              CMakeFiles/Stm32-Nucleo.dir/D_/Projetos/Simulador-IA/Bibliotecas-Globais-C/eFLL/FuzzyComposition.cpp.obj (__aeabi_dadd)
C:/arm-compiler/xpack-arm-none-eabi-gcc-15.2.1-1.1/bin/../lib/gcc/arm-none-eabi/15.2.1/thumb/v7e-m+fp/hard\libgcc.a(_arm_muldivdf3.o)
                              CMakeFiles/Stm32-Nucleo.dir/D_/Projetos/Simulador-IA/Bibliotecas-Globais-C/eFLL/FuzzyComposition.cpp.obj (__aeabi_ddiv)
C:/arm-compiler/xpack-arm-none-eabi-gcc-15.2.1-1.1/bin/../lib/gcc/arm-none-eabi/15.2.1/thumb/v7e-m+fp/hard\libgcc.a(_arm_cmpdf2.o)
                              CMakeFiles/Stm32-Nucleo.dir/D_/Projetos/Simulador-IA/Bibliotecas-Globais-C/eFLL/FuzzyComposition.cpp.obj (__aeabi_dcmplt)
C:/arm-compiler/xpack-arm-none-eabi-gcc-15.2.1-1.1/bin/../lib/gcc/arm-none-eabi/15.2.1/thumb/v7e-m+fp/hard\libgcc.a(_arm_truncdfsf2.o)
                              CMakeFiles/Stm32-Nucleo.dir/D_/Projetos/Simulador-IA/Bibliotecas-Globais-C/eFLL/FuzzyComposition.cpp.obj (__aeabi_d2f)
C:/arm-compiler/xpack-arm-none-eabi-gcc-15.2.1-1.1/bin/../lib/gcc/arm-none-eabi/15.2.1/../../../../arm-none-eabi/lib/thumb/v7e-m+fp/hard\libg_nano.a(libc_a-abort.o)
                              C:/arm-compiler/xpack-arm-none-eabi-gcc-15.2.1-1.1/bin/../lib/gcc/arm-none-eabi/15.2.1/../../../../arm-none-eabi/lib/thumb/v7e-m+fp/hard\libstdc++_nano.a(new_op.o) (abort)
C:/arm-compiler/xpack-arm-none-eabi-gcc-15.2.1-1.1/bin/../lib/gcc/arm-none-eabi/15.2.1/../../../../arm-none-eabi/lib/thumb/v7e-m+fp/hard\libg_nano.a(libc_a-atexit.o)
                              C:/arm-compiler/xpack-arm-none-eabi-gcc-15.2.1-1.1/bin/../lib/gcc/arm-none-eabi/15.2.1/../../../../arm-none-eabi/lib/thumb/v7e-m+fp/hard/crt0.o (atexit)
C:/arm-compiler/xpack-arm-none-eabi-gcc-15.2.1-1.1/bin/../lib/gcc/arm-none-eabi/15.2.1/../../../../arm-none-eabi/lib/thumb/v7e-m+fp/hard\libg_nano.a(libc_a-exit.o)
                              C:/arm-compiler/xpack-arm-none-eabi-gcc-15.2.1-1.1/bin/../lib/gcc/arm-none-eabi/15.2.1/../../../../arm-none-eabi/lib/thumb/v7e-m+fp/hard/crt0.o (exit)
C:/arm-compiler/xpack-arm-none-eabi-gcc-15.2.1-1.1/bin/../lib/gcc/arm-none-eabi/15.2.1/../../../../arm-none-eabi/lib/thumb/v7e-m+fp/hard\libg_nano.a(libc_a-malloc.o)
                              CMakeFiles/Stm32-Nucleo.dir/D_/Projetos/Simulador-IA/Bibliotecas-Globais-C/eFLL/Fuzzy.cpp.obj (malloc)
C:/arm-compiler/xpack-arm-none-eabi-gcc-15.2.1-1.1/bin/../lib/gcc/arm-none-eabi/15.2.1/../../../../arm-none-eabi/lib/thumb/v7e-m+fp/hard\libg_nano.a(libc_a-mallocr.o)
                              C:/arm-compiler/xpack-arm-none-eabi-gcc-15.2.1-1.1/bin/../lib/gcc/arm-none-eabi/15.2.1/../../../../arm-none-eabi/lib/thumb/v7e-m+fp/hard\libg_nano.a(libc_a-malloc.o) (_malloc_r)
C:/arm-compiler/xpack-arm-none-eabi-gcc-15.2.1-1.1/bin/../lib/gcc/arm-none-eabi/15.2.1/../../../../arm-none-eabi/lib/thumb/v7e-m+fp/hard\libg_nano.a(libc_a-mlock.o)
                              C:/arm-compiler/xpack-arm-none-eabi-gcc-15.2.1-1.1/bin/../lib/gcc/arm-none-eabi/15.2.1/../../../../arm-none-eabi/lib/thumb/v7e-m+fp/hard\libg_nano.a(libc_a-mallocr.o) (__malloc_lock)
C:/arm-compiler/xpack-arm-none-eabi-gcc-15.2.1-1.1/bin/../lib/gcc/arm-none-eabi/15.2.1/../../../../arm-none-eabi/lib/thumb/v7e-m+fp/hard\libg_nano.a(libc_a-findfp.o)
[...]
Memory Configuration

Name             Origin             Length             Attributes
RAM              0x20000000         0x00010000         xrw
CCMRAM           0x10000000         0x00004000         xrw
FLASH            0x08000000         0x00080000         xr
*default*        0x00000000         0xffffffff

Linker script and memory map

LOAD C:/arm-compiler/xpack-arm-none-eabi-gcc-15.2.1-1.1/bin/../lib/gcc/arm-none-eabi/15.2.1/thumb/v7e-m+fp/hard/crti.o
LOAD C:/arm-compiler/xpack-arm-none-eabi-gcc-15.2.1-1.1/bin/../lib/gcc/arm-none-eabi/15.2.1/thumb/v7e-m+fp/hard/crtbegin.o
LOAD C:/arm-compiler/xpack-arm-none-eabi-gcc-15.2.1-1.1/bin/../lib/gcc/arm-none-eabi/15.2.1/../../../../arm-none-eabi/lib/thumb/v7e-m+fp/hard/crt0.o
LOAD cmake/stm32cubemx/CMakeFiles/STM32_Drivers.dir/__/__/Core/Src/system_stm32f3xx.c.obj
LOAD cmake/stm32cubemx/CMakeFiles/STM32_Drivers.dir/__/__/Drivers/STM32F3xx_HAL_Driver/Src/stm32f3xx_hal.c.obj
LOAD cmake/stm32cubemx/CMakeFiles/STM32_Drivers.dir/__/__/Drivers/STM32F3xx_HAL_Driver/Src/stm32f3xx_hal_rcc.c.obj
LOAD cmake/stm32cubemx/CMakeFiles/STM32_Drivers.dir/__/__/Drivers/STM32F3xx_HAL_Driver/Src/stm32f3xx_hal_rcc_ex.c.obj
LOAD cmake/stm32cubemx/CMakeFiles/STM32_Drivers.dir/__/__/Drivers/STM32F3xx_HAL_Driver/Src/stm32f3xx_hal_gpio.c.obj
LOAD cmake/stm32cubemx/CMakeFiles/STM32_Drivers.dir/__/__/Drivers/STM32F3xx_HAL_Driver/Src/stm32f3xx_hal_dma.c.obj
LOAD cmake/stm32cubemx/CMakeFiles/STM32_Drivers.dir/__/__/Drivers/STM32F3xx_HAL_Driver/Src/stm32f3xx_hal_cortex.c.obj
LOAD cmake/stm32cubemx/CMakeFiles/STM32_Drivers.dir/__/__/Drivers/STM32F3xx_HAL_Driver/Src/stm32f3xx_hal_pwr.c.obj
LOAD cmake/stm32cubemx/CMakeFiles/STM32_Drivers.dir/__/__/Drivers/STM32F3xx_HAL_Driver/Src/stm32f3xx_hal_pwr_ex.c.obj
LOAD cmake/stm32cubemx/CMakeFiles/STM32_Drivers.dir/__/__/Drivers/STM32F3xx_HAL_Driver/Src/stm32f3xx_hal_flash.c.obj
LOAD cmake/stm32cubemx/CMakeFiles/STM32_Drivers.dir/__/__/Drivers/STM32F3xx_HAL_Driver/Src/stm32f3xx_hal_flash_ex.c.obj
LOAD cmake/stm32cubemx/CMakeFiles/STM32_Drivers.dir/__/__/Drivers/STM32F3xx_HAL_Driver/Src/stm32f3xx_hal_i2c.c.obj
LOAD cmake/stm32cubemx/CMakeFiles/STM32_Drivers.dir/__/__/Drivers/STM32F3xx_HAL_Driver/Src/stm32f3xx_hal_i2c_ex.c.obj
LOAD cmake/stm32cubemx/CMakeFiles/STM32_Drivers.dir/__/__/Drivers/STM32F3xx_HAL_Driver/Src/stm32f3xx_hal_exti.c.obj
LOAD cmake/stm32cubemx/CMakeFiles/STM32_Drivers.dir/__/__/Drivers/STM32F3xx_HAL_Driver/Src/stm32f3xx_hal_uart.c.obj
LOAD cmake/stm32cubemx/CMakeFiles/STM32_Drivers.dir/__/__/Drivers/STM32F3xx_HAL_Driver/Src/stm32f3xx_hal_usart.c.obj
LOAD CMakeFiles/Stm32-Nucleo.dir/Core/Src/main.c.obj
LOAD CMakeFiles/Stm32-Nucleo.dir/Core/Src/stm32f3xx_it.c.obj
LOAD CMakeFiles/Stm32-Nucleo.dir/Core/Src/stm32f3xx_hal_msp.c.obj
LOAD CMakeFiles/Stm32-Nucleo.dir/Core/Src/sysmem.c.obj
LOAD CMakeFiles/Stm32-Nucleo.dir/Core/Src/syscalls.c.obj
LOAD CMakeFiles/Stm32-Nucleo.dir/startup_stm32f303xe.s.obj
LOAD CMakeFiles/Stm32-Nucleo.dir/Core/Src/controller_reporter.c.obj
LOAD CMakeFiles/Stm32-Nucleo.dir/Core/Src/serial_logger.c.obj
LOAD CMakeFiles/Stm32-Nucleo.dir/Core/Src/fuzzy-controller.c.obj
LOAD CMakeFiles/Stm32-Nucleo.dir/D_/Projetos/Simulador-IA/Bibliotecas-Globais-C/eFLL/Fuzzy.cpp.obj
LOAD CMakeFiles/Stm32-Nucleo.dir/D_/Projetos/Simulador-IA/Bibliotecas-Globais-C/eFLL/FuzzyComposition.cpp.obj
LOAD CMakeFiles/Stm32-Nucleo.dir/D_/Projetos/Simulador-IA/Bibliotecas-Globais-C/eFLL/FuzzyIO.cpp.obj
LOAD CMakeFiles/Stm32-Nucleo.dir/D_/Projetos/Simulador-IA/Bibliotecas-Globais-C/eFLL/FuzzyInput.cpp.obj
LOAD CMakeFiles/Stm32-Nucleo.dir/D_/Projetos/Simulador-IA/Bibliotecas-Globais-C/eFLL/FuzzyOutput.cpp.obj
LOAD CMakeFiles/Stm32-Nucleo.dir/D_/Projetos/Simulador-IA/Bibliotecas-Globais-C/eFLL/FuzzyRule.cpp.obj
LOAD CMakeFiles/Stm32-Nucleo.dir/D_/Projetos/Simulador-IA/Bibliotecas-Globais-C/eFLL/FuzzyRuleAntecedent.cpp.obj
LOAD CMakeFiles/Stm32-Nucleo.dir/D_/Projetos/Simulador-IA/Bibliotecas-Globais-C/eFLL/FuzzyRuleConsequent.cpp.obj
LOAD CMakeFiles/Stm32-Nucleo.dir/D_/Projetos/Simulador-IA/Bibliotecas-Globais-C/eFLL/FuzzySet.cpp.obj
LOAD CMakeFiles/Stm32-Nucleo.dir/D_/Projetos/Simulador-IA/Bibliotecas-Globais-C/eFLL/eFLL_wrapper.cpp.obj
LOAD C:/arm-compiler/xpack-arm-none-eabi-gcc-15.2.1-1.1/bin/../lib/gcc/arm-none-eabi/15.2.1/../../../../arm-none-eabi/lib/thumb/v7e-m+fp/hard\libstdc++_nano.a
LOAD C:/arm-compiler/xpack-arm-none-eabi-gcc-15.2.1-1.1/bin/../lib/gcc/arm-none-eabi/15.2.1/../../../../arm-none-eabi/lib/thumb/v7e-m+fp/hard\libm.a
START GROUP
LOAD C:/arm-compiler/xpack-arm-none-eabi-gcc-15.2.1-1.1/bin/../lib/gcc/arm-none-eabi/15.2.1/thumb/v7e-m+fp/hard\libgcc.a
LOAD C:/arm-compiler/xpack-arm-none-eabi-gcc-15.2.1-1.1/bin/../lib/gcc/arm-none-eabi/15.2.1/../../../../arm-none-eabi/lib/thumb/v7e-m+fp/hard\libg_nano.a
LOAD C:/arm-compiler/xpack-arm-none-eabi-gcc-15.2.1-1.1/bin/../lib/gcc/arm-none-eabi/15.2.1/../../../../arm-none-eabi/lib/thumb/v7e-m+fp/hard\libc_nano.a
END GROUP
START GROUP
LOAD C:/arm-compiler/xpack-arm-none-eabi-gcc-15.2.1-1.1/bin/../lib/gcc/arm-none-eabi/15.2.1/thumb/v7e-m+fp/hard\libgcc.a
LOAD C:/arm-compiler/xpack-arm-none-eabi-gcc-15.2.1-1.1/bin/../lib/gcc/arm-none-eabi/15.2.1/../../../../arm-none-eabi/lib/thumb/v7e-m+fp/hard\libc_nano.a
END GROUP
LOAD C:/arm-compiler/xpack-arm-none-eabi-gcc-15.2.1-1.1/bin/../lib/gcc/arm-none-eabi/15.2.1/thumb/v7e-m+fp/hard/crtend.o
LOAD C:/arm-compiler/xpack-arm-none-eabi-gcc-15.2.1-1.1/bin/../lib/gcc/arm-none-eabi/15.2.1/thumb/v7e-m+fp/hard/crtn.o
                0x20010000                        _estack = (ORIGIN (RAM) + LENGTH (RAM))
                0x2000fc00                        _sstack = (_estack - _Min_Stack_Size)
                0x00000200                        _Min_Heap_Size = 0x200
                0x00000400                        _Min_Stack_Size = 0x400

.isr_vector     0x08000000      0x194
                0x08000000                        . = ALIGN (0x4)
 *(.isr_vector)
 .isr_vector    0x08000000      0x194 CMakeFiles/Stm32-Nucleo.dir/startup_stm32f303xe.s.obj
                0x08000000                g_pfnVectors
                0x08000194                        . = ALIGN (0x4)

.text           0x080001a0     0x4348
                0x080001a0                        . = ALIGN (0x4)
 *(.text)
 .text          0x080001a0       0x10 C:/arm-compiler/xpack-arm-none-eabi-gcc-15.2.1-1.1/bin/../lib/gcc/arm-none-eabi/15.2.1/../../../../arm-none-eabi/lib/thumb/v7e-m+fp/hard\libg_nano.a(libc_a-strlen.o)
                0x080001a0                strlen
 .text          0x080001b0       0xa0 C:/arm-compiler/xpack-arm-none-eabi-gcc-15.2.1-1.1/bin/../lib/gcc/arm-none-eabi/15.2.1/../../../../arm-none-eabi/lib/thumb/v7e-m+fp/hard\libg_nano.a(libc_a-memchr.o)
                0x080001b0                memchr
 *(.text*)
 .text.__do_global_dtors_aux
                0x08000250       0x28 C:/arm-compiler/xpack-arm-none-eabi-gcc-15.2.1-1.1/bin/../lib/gcc/arm-none-eabi/15.2.1/thumb/v7e-m+fp/hard/crtbegin.o
 .text.frame_dummy
                0x08000278       0x1c C:/arm-compiler/xpack-arm-none-eabi-gcc-15.2.1-1.1/bin/../lib/gcc/arm-none-eabi/15.2.1/thumb/v7e-m+fp/hard/crtbegin.o
 .text.SystemInit
                0x08000294       0x20 cmake/stm32cubemx/CMakeFiles/STM32_Drivers.dir/__/__/Core/Src/system_stm32f3xx.c.obj
                0x08000294                SystemInit
 .text.HAL_Init
                0x080002b4       0x2c cmake/stm32cubemx/CMakeFiles/STM32_Drivers.dir/__/__/Drivers/STM32F3xx_HAL_Driver/Src/stm32f3xx_hal.c.obj
                0x080002b4                HAL_Init
 .text.HAL_InitTick
                0x080002e0       0x60 cmake/stm32cubemx/CMakeFiles/STM32_Drivers.dir/__/__/Drivers/STM32F3xx_HAL_Driver/Src/stm32f3xx_hal.c.obj
                0x080002e0                HAL_InitTick
 .text.HAL_IncTick
                0x08000340       0x24 cmake/stm32cubemx/CMakeFiles/STM32_Drivers.dir/__/__/Drivers/STM32F3xx_HAL_Driver/Src/stm32f3xx_hal.c.obj
                0x08000340                HAL_IncTick
 .text.HAL_GetTick
                0x08000364       0x14 cmake/stm32cubemx/CMakeFiles/STM32_Drivers.dir/__/__/Drivers/STM32F3xx_HAL_Driver/Src/stm32f3xx_hal.c.obj
                0x08000364                HAL_GetTick
 .text.HAL_Delay
                0x08000378       0x48 cmake/stm32cubemx/CMakeFiles/STM32_Drivers.dir/__/__/Drivers/STM32F3xx_HAL_Driver/Src/stm32f3xx_hal.c.obj
                0x08000378                HAL_Delay
 .text.HAL_RCC_OscConfig
                0x080003c0     0x1048 cmake/stm32cubemx/CMakeFiles/STM32_Drivers.dir/__/__/Drivers/STM32F3xx_HAL_Driver/Src/stm32f3xx_hal_rcc.c.obj
                0x080003c0                HAL_RCC_OscConfig
 .text.HAL_RCC_ClockConfig
                0x08001408      0x2dc cmake/stm32cubemx/CMakeFiles/STM32_Drivers.dir/__/__/Drivers/STM32F3xx_HAL_Driver/Src/stm32f3xx_hal_rcc.c.obj
                0x08001408                HAL_RCC_ClockConfig
 .text.HAL_RCC_GetSysClockFreq
                0x080016e4       0xa8 cmake/stm32cubemx/CMakeFiles/STM32_Drivers.dir/__/__/Drivers/STM32F3xx_HAL_Driver/Src/stm32f3xx_hal_rcc.c.obj
                0x080016e4                HAL_RCC_GetSysClockFreq
 .text.HAL_RCC_GetHCLKFreq
                0x0800178c       0x14 cmake/stm32cubemx/CMakeFiles/STM32_Drivers.dir/__/__/Drivers/STM32F3xx_HAL_Driver/Src/stm32f3xx_hal_rcc.c.obj
                0x0800178c                HAL_RCC_GetHCLKFreq
 .text.HAL_RCC_GetPCLK1Freq
                0x080017a0       0x44 cmake/stm32cubemx/CMakeFiles/STM32_Drivers.dir/__/__/Drivers/STM32F3xx_HAL_Driver/Src/stm32f3xx_hal_rcc.c.obj
                0x080017a0                HAL_RCC_GetPCLK1Freq
 .text.HAL_RCC_GetPCLK2Freq
                0x080017e4       0x44 cmake/stm32cubemx/CMakeFiles/STM32_Drivers.dir/__/__/Drivers/STM32F3xx_HAL_Driver/Src/stm32f3xx_hal_rcc.c.obj
                0x080017e4                HAL_RCC_GetPCLK2Freq
 .text.HAL_GPIO_Init
                0x08001828      0x314 cmake/stm32cubemx/CMakeFiles/STM32_Drivers.dir/__/__/Drivers/STM32F3xx_HAL_Driver/Src/stm32f3xx_hal_gpio.c.obj
                0x08001828                HAL_GPIO_Init
 .text.__NVIC_SetPriorityGrouping
                0x08001b3c       0x48 cmake/stm32cubemx/CMakeFiles/STM32_Drivers.dir/__/__/Drivers/STM32F3xx_HAL_Driver/Src/stm32f3xx_hal_cortex.c.obj
 .text.__NVIC_GetPriorityGrouping
                0x08001b84       0x1c cmake/stm32cubemx/CMakeFiles/STM32_Drivers.dir/__/__/Drivers/STM32F3xx_HAL_Driver/Src/stm32f3xx_hal_cortex.c.obj
 .text.__NVIC_SetPriority
                0x08001ba0       0x54 cmake/stm32cubemx/CMakeFiles/STM32_Drivers.dir/__/__/Drivers/STM32F3xx_HAL_Driver/Src/stm32f3xx_hal_cortex.c.obj
 .text.NVIC_EncodePriority
                0x08001bf4       0x6e cmake/stm32cubemx/CMakeFiles/STM32_Drivers.dir/__/__/Drivers/STM32F3xx_HAL_Driver/Src/stm32f3xx_hal_cortex.c.obj
 *fill*         0x08001c62        0x2 
 .text.SysTick_Config
                0x08001c64       0x44 cmake/stm32cubemx/CMakeFiles/STM32_Drivers.dir/__/__/Drivers/STM32F3xx_HAL_Driver/Src/stm32f3xx_hal_cortex.c.obj
 .text.HAL_NVIC_SetPriorityGrouping
                0x08001ca8       0x16 cmake/stm32cubemx/CMakeFiles/STM32_Drivers.dir/__/__/Drivers/STM32F3xx_HAL_Driver/Src/stm32f3xx_hal_cortex.c.obj
                0x08001ca8                HAL_NVIC_SetPriorityGrouping
 .text.HAL_NVIC_SetPriority
                0x08001cbe       0x38 cmake/stm32cubemx/CMakeFiles/STM32_Drivers.dir/__/__/Drivers/STM32F3xx_HAL_Driver/Src/stm32f3xx_hal_cortex.c.obj
                0x08001cbe                HAL_NVIC_SetPriority
 .text.HAL_SYSTICK_Config
                0x08001cf6       0x18 cmake/stm32cubemx/CMakeFiles/STM32_Drivers.dir/__/__/Drivers/STM32F3xx_HAL_Driver/Src/stm32f3xx_hal_cortex.c.obj
                0x08001cf6                HAL_SYSTICK_Config
 .text.HAL_UART_Init
                0x08001d0e       0x9c cmake/stm32cubemx/CMakeFiles/STM32_Drivers.dir/__/__/Drivers/STM32F3xx_HAL_Driver/Src/stm32f3xx_hal_uart.c.obj
                0x08001d0e                HAL_UART_Init
 .text.HAL_UART_MspInit
                0x08001daa       0x12 cmake/stm32cubemx/CMakeFiles/STM32_Drivers.dir/__/__/Drivers/STM32F3xx_HAL_Driver/Src/stm32f3xx_hal_uart.c.obj
                0x08001daa                HAL_UART_MspInit
 .text.HAL_UART_Transmit
                0x08001dbc      0x126 cmake/stm32cubemx/CMakeFiles/STM32_Drivers.dir/__/__/Drivers/STM32F3xx_HAL_Driver/Src/stm32f3xx_hal_uart.c.obj
                0x08001dbc                HAL_UART_Transmit
 *fill*         0x08001ee2        0x2 
 .text.UART_SetConfig
                0x08001ee4      0x38c cmake/stm32cubemx/CMakeFiles/STM32_Drivers.dir/__/__/Drivers/STM32F3xx_HAL_Driver/Src/stm32f3xx_hal_uart.c.obj
                0x08001ee4                UART_SetConfig
 .text.UART_AdvFeatureConfig
                0x08002270      0x142 cmake/stm32cubemx/CMakeFiles/STM32_Drivers.dir/__/__/Drivers/STM32F3xx_HAL_Driver/Src/stm32f3xx_hal_uart.c.obj
                0x08002270                UART_AdvFeatureConfig
 .text.UART_CheckIdleState
                0x080023b2      0x150 cmake/stm32cubemx/CMakeFiles/STM32_Drivers.dir/__/__/Drivers/STM32F3xx_HAL_Driver/Src/stm32f3xx_hal_uart.c.obj
                0x080023b2                UART_CheckIdleState
 .text.UART_WaitOnFlagUntilTimeout
                0x08002502       0xda cmake/stm32cubemx/CMakeFiles/STM32_Drivers.dir/__/__/Drivers/STM32F3xx_HAL_Driver/Src/stm32f3xx_hal_uart.c.obj
                0x08002502                UART_WaitOnFlagUntilTimeout
 .text.UART_EndRxTransfer
                0x080025dc       0xc6 cmake/stm32cubemx/CMakeFiles/STM32_Drivers.dir/__/__/Drivers/STM32F3xx_HAL_Driver/Src/stm32f3xx_hal_uart.c.obj
 *fill*         0x080026a2        0x2 
 .text.main     0x080026a4      0x108 CMakeFiles/Stm32-Nucleo.dir/Core/Src/main.c.obj
                0x080026a4                main
 .text.SystemClock_Config
                0x080027ac       0x76 CMakeFiles/Stm32-Nucleo.dir/Core/Src/main.c.obj
                0x080027ac                SystemClock_Config
 .text.Error_Handler
                0x08002822        0xc CMakeFiles/Stm32-Nucleo.dir/Core/Src/main.c.obj
                0x08002822                Error_Handler
 .text.NMI_Handler
                0x0800282e        0x8 CMakeFiles/Stm32-Nucleo.dir/Core/Src/stm32f3xx_it.c.obj
                0x0800282e                NMI_Handler
 .text.HardFault_Handler
                0x08002836        0x8 CMakeFiles/Stm32-Nucleo.dir/Core/Src/stm32f3xx_it.c.obj
                0x08002836                HardFault_Handler
 .text.MemManage_Handler
                0x0800283e        0x8 CMakeFiles/Stm32-Nucleo.dir/Core/Src/stm32f3xx_it.c.obj
                0x0800283e                MemManage_Handler
 .text.BusFault_Handler
                0x08002846        0x8 CMakeFiles/Stm32-Nucleo.dir/Core/Src/stm32f3xx_it.c.obj
                0x08002846                BusFault_Handler
 .text.UsageFault_Handler
                0x0800284e        0x8 CMakeFiles/Stm32-Nucleo.dir/Core/Src/stm32f3xx_it.c.obj
                0x0800284e                UsageFault_Handler
 .text.SVC_Handler
                0x08002856        0xc CMakeFiles/Stm32-Nucleo.dir/Core/Src/stm32f3xx_it.c.obj
                0x08002856                SVC_Handler
 .text.DebugMon_Handler
                0x08002862        0xc CMakeFiles/Stm32-Nucleo.dir/Core/Src/stm32f3xx_it.c.obj
                0x08002862                DebugMon_Handler
 .text.PendSV_Handler
                0x0800286e        0xc CMakeFiles/Stm32-Nucleo.dir/Core/Src/stm32f3xx_it.c.obj
                0x0800286e                PendSV_Handler
 .text.SysTick_Handler
                0x0800287a        0xc CMakeFiles/Stm32-Nucleo.dir/Core/Src/stm32f3xx_it.c.obj
                0x0800287a                SysTick_Handler
 *fill*         0x08002886        0x2 
 .text.HAL_MspInit
                0x08002888       0x44 CMakeFiles/Stm32-Nucleo.dir/Core/Src/stm32f3xx_hal_msp.c.obj
                0x08002888                HAL_MspInit
 .text._sbrk    0x080028cc       0x6c CMakeFiles/Stm32-Nucleo.dir/Core/Src/sysmem.c.obj
                0x080028cc                _sbrk
 .text._getpid  0x08002938        0xe CMakeFiles/Stm32-Nucleo.dir/Core/Src/syscalls.c.obj
                0x08002938                _getpid
 .text._kill    0x08002946       0x20 CMakeFiles/Stm32-Nucleo.dir/Core/Src/syscalls.c.obj
                0x08002946                _kill
 .text._exit    0x08002966       0x16 CMakeFiles/Stm32-Nucleo.dir/Core/Src/syscalls.c.obj
                0x08002966                _exit
 .text.Reset_Handler
                0x0800297c       0x50 CMakeFiles/Stm32-Nucleo.dir/startup_stm32f303xe.s.obj
                0x0800297c                Reset_Handler
 .text.Default_Handler
                0x080029cc        0x2 CMakeFiles/Stm32-Nucleo.dir/startup_stm32f303xe.s.obj
                0x080029cc                RTC_Alarm_IRQHandler
                0x080029cc                TIM8_TRG_COM_IRQHandler
                0x080029cc                TIM8_CC_IRQHandler
                0x080029cc                SPI4_IRQHandler
                0x080029cc                TIM1_CC_IRQHandler
                0x080029cc                USB_HP_IRQHandler
                0x080029cc                PVD_IRQHandler
                0x080029cc                TAMP_STAMP_IRQHandler
                0x080029cc                EXTI3_IRQHandler
                0x080029cc                I2C3_ER_IRQHandler
                0x080029cc                USB_HP_CAN_TX_IRQHandler
                0x080029cc                EXTI0_IRQHandler
                0x080029cc                I2C2_EV_IRQHandler
                0x080029cc                FPU_IRQHandler
                0x080029cc                TIM1_UP_TIM16_IRQHandler
                0x080029cc                ADC1_2_IRQHandler
                0x080029cc                SPI1_IRQHandler
                0x080029cc                CAN_SCE_IRQHandler
                0x080029cc                TIM6_DAC_IRQHandler
                0x080029cc                TIM8_UP_IRQHandler
                0x080029cc                DMA2_Channel2_IRQHandler
                0x080029cc                DMA1_Channel4_IRQHandler
                0x080029cc                TIM20_TRG_COM_IRQHandler
                0x080029cc                USART3_IRQHandler
                0x080029cc                DMA1_Channel7_IRQHandler
                0x080029cc                UART5_IRQHandler
                0x080029cc                ADC3_IRQHandler
                0x080029cc                TIM4_IRQHandler
                0x080029cc                CAN_RX1_IRQHandler
                0x080029cc                DMA2_Channel1_IRQHandler
                0x080029cc                I2C1_EV_IRQHandler
                0x080029cc                DMA1_Channel6_IRQHandler
                0x080029cc                UART4_IRQHandler
                0x080029cc                DMA2_Channel4_IRQHandler
                0x080029cc                TIM3_IRQHandler
                0x080029cc                RCC_IRQHandler
                0x080029cc                TIM20_UP_IRQHandler
                0x080029cc                DMA1_Channel1_IRQHandler
                0x080029cc                Default_Handler
                0x080029cc                USBWakeUp_RMP_IRQHandler
                0x080029cc                EXTI15_10_IRQHandler
                0x080029cc                TIM7_IRQHandler
                0x080029cc                I2C3_EV_IRQHandler
                0x080029cc                EXTI9_5_IRQHandler
                0x080029cc                RTC_WKUP_IRQHandler
                0x080029cc                SPI2_IRQHandler
                0x080029cc                USB_LP_CAN_RX0_IRQHandler
                0x080029cc                DMA2_Channel5_IRQHandler
                0x080029cc                DMA1_Channel5_IRQHandler
                0x080029cc                USB_LP_IRQHandler
                0x080029cc                EXTI4_IRQHandler
                0x080029cc                TIM1_TRG_COM_TIM17_IRQHandler
                0x080029cc                DMA1_Channel3_IRQHandler
                0x080029cc                ADC4_IRQHandler
                0x080029cc                WWDG_IRQHandler
                0x080029cc                TIM2_IRQHandler
                0x080029cc                COMP7_IRQHandler
                0x080029cc                COMP1_2_3_IRQHandler
                0x080029cc                EXTI1_IRQHandler
                0x080029cc                USART2_IRQHandler
                0x080029cc                COMP4_5_6_IRQHandler
                0x080029cc                TIM20_BRK_IRQHandler
                0x080029cc                I2C2_ER_IRQHandler
                0x080029cc                DMA1_Channel2_IRQHandler
                0x080029cc                TIM8_BRK_IRQHandler
                0x080029cc                FLASH_IRQHandler
                0x080029cc                TIM20_CC_IRQHandler
                0x080029cc                USART1_IRQHandler
                0x080029cc                SPI3_IRQHandler
                0x080029cc                I2C1_ER_IRQHandler
                0x080029cc                FMC_IRQHandler
                0x080029cc                USBWakeUp_IRQHandler
                0x080029cc                DMA2_Channel3_IRQHandler
                0x080029cc                EXTI2_TSC_IRQHandler
                0x080029cc                TIM1_BRK_TIM15_IRQHandler
 .text.ControllerReporter_InitController
                0x080029ce       0x62 CMakeFiles/Stm32-Nucleo.dir/Core/Src/controller_reporter.c.obj
                0x080029ce                ControllerReporter_InitController
 .text.ControllerReporter_ReportCreation
                0x08002a30       0x60 CMakeFiles/Stm32-Nucleo.dir/Core/Src/controller_reporter.c.obj
                0x08002a30                ControllerReporter_ReportCreation
 .text.SerialLogger_Init
                0x08002a90       0x1c CMakeFiles/Stm32-Nucleo.dir/Core/Src/serial_logger.c.obj
                0x08002a90                SerialLogger_Init
 .text.SerialLogger_Puts
                0x08002aac       0x3c CMakeFiles/Stm32-Nucleo.dir/Core/Src/serial_logger.c.obj
                0x08002aac                SerialLogger_Puts
 .text.SerialLogger_Printf
                0x08002ae8       0x74 CMakeFiles/Stm32-Nucleo.dir/Core/Src/serial_logger.c.obj
                0x08002ae8                SerialLogger_Printf
 .text.adicionar_regra
                0x08002b5c       0xf8 CMakeFiles/Stm32-Nucleo.dir/Core/Src/fuzzy-controller.c.obj
 .text.FuzzyController_NormalizaTaxa
                0x08002c54       0x30 CMakeFiles/Stm32-Nucleo.dir/Core/Src/fuzzy-controller.c.obj
                0x08002c54                FuzzyController_NormalizaTaxa
 .text.FuzzyController_Init
                0x08002c84      0x680 CMakeFiles/Stm32-Nucleo.dir/Core/Src/fuzzy-controller.c.obj
                0x08002c84                FuzzyController_Init
 .text._ZN5FuzzyC2Ev
                0x08003304       0x26 CMakeFiles/Stm32-Nucleo.dir/D_/Projetos/Simulador-IA/Bibliotecas-Globais-C/eFLL/Fuzzy.cpp.obj
                0x08003304                Fuzzy::Fuzzy()
                0x08003304                Fuzzy::Fuzzy()
 .text._ZN5Fuzzy13addFuzzyInputEP10FuzzyInput
                0x0800332a       0x74 CMakeFiles/Stm32-Nucleo.dir/D_/Projetos/Simulador-IA/Bibliotecas-Globais-C/eFLL/Fuzzy.cpp.obj
                0x0800332a                Fuzzy::addFuzzyInput(FuzzyInput*)
 .text._ZN5Fuzzy14addFuzzyOutputEP11FuzzyOutput
                0x0800339e       0x7a CMakeFiles/Stm32-Nucleo.dir/D_/Projetos/Simulador-IA/Bibliotecas-Globais-C/eFLL/Fuzzy.cpp.obj
                0x0800339e                Fuzzy::addFuzzyOutput(FuzzyOutput*)
 .text._ZN5Fuzzy12addFuzzyRuleEP9FuzzyRule
                0x08003418       0x74 CMakeFiles/Stm32-Nucleo.dir/D_/Projetos/Simulador-IA/Bibliotecas-Globais-C/eFLL/Fuzzy.cpp.obj
                0x08003418                Fuzzy::addFuzzyRule(FuzzyRule*)
 .text._ZN16FuzzyCompositionC2Ev
                0x0800348c       0x1a CMakeFiles/Stm32-Nucleo.dir/D_/Projetos/Simulador-IA/Bibliotecas-Globais-C/eFLL/FuzzyComposition.cpp.obj
                0x0800348c                FuzzyComposition::FuzzyComposition()
                0x0800348c                FuzzyComposition::FuzzyComposition()
 .text._ZN7FuzzyIOC2Ei
                0x080034a6       0x2a CMakeFiles/Stm32-Nucleo.dir/D_/Projetos/Simulador-IA/Bibliotecas-Globais-C/eFLL/FuzzyIO.cpp.obj
                0x080034a6                FuzzyIO::FuzzyIO(int)
                0x080034a6                FuzzyIO::FuzzyIO(int)
 .text._ZN7FuzzyIO11addFuzzySetEP8FuzzySet
                0x080034d0       0x74 CMakeFiles/Stm32-Nucleo.dir/D_/Projetos/Simulador-IA/Bibliotecas-Globais-C/eFLL/FuzzyIO.cpp.obj
                0x080034d0                FuzzyIO::addFuzzySet(FuzzySet*)
 .text._ZN10FuzzyInputC2Ei
                0x08003544       0x1e CMakeFiles/Stm32-Nucleo.dir/D_/Projetos/Simulador-IA/Bibliotecas-Globais-C/eFLL/FuzzyInput.cpp.obj
                0x08003544                FuzzyInput::FuzzyInput(int)
                0x08003544                FuzzyInput::FuzzyInput(int)
 .text._ZN11FuzzyOutputC2Ei
                0x08003562       0x32 CMakeFiles/Stm32-Nucleo.dir/D_/Projetos/Simulador-IA/Bibliotecas-Globais-C/eFLL/FuzzyOutput.cpp.obj
                0x08003562                FuzzyOutput::FuzzyOutput(int)
                0x08003562                FuzzyOutput::FuzzyOutput(int)
 .text._ZN11FuzzyOutput5orderEv
                0x08003594       0x8e CMakeFiles/Stm32-Nucleo.dir/D_/Projetos/Simulador-IA/Bibliotecas-Globais-C/eFLL/FuzzyOutput.cpp.obj
                0x08003594                FuzzyOutput::order()
 .text._ZN11FuzzyOutput4swapEP13fuzzySetArrayS1_
                0x08003622       0x2c CMakeFiles/Stm32-Nucleo.dir/D_/Projetos/Simulador-IA/Bibliotecas-Globais-C/eFLL/FuzzyOutput.cpp.obj
                0x08003622                FuzzyOutput::swap(fuzzySetArray*, fuzzySetArray*)
 .text._ZN9FuzzyRuleC2EiP19FuzzyRuleAntecedentP19FuzzyRuleConsequent
                0x0800364e       0x32 CMakeFiles/Stm32-Nucleo.dir/D_/Projetos/Simulador-IA/Bibliotecas-Globais-C/eFLL/FuzzyRule.cpp.obj
                0x0800364e                FuzzyRule::FuzzyRule(int, FuzzyRuleAntecedent*, FuzzyRuleConsequent*)
                0x0800364e                FuzzyRule::FuzzyRule(int, FuzzyRuleAntecedent*, FuzzyRuleConsequent*)
 .text._ZN19FuzzyRuleAntecedentC2Ev
                0x08003680       0x38 CMakeFiles/Stm32-Nucleo.dir/D_/Projetos/Simulador-IA/Bibliotecas-Globais-C/eFLL/FuzzyRuleAntecedent.cpp.obj
                0x08003680                FuzzyRuleAntecedent::FuzzyRuleAntecedent()
                0x08003680                FuzzyRuleAntecedent::FuzzyRuleAntecedent()
 .text._ZN19FuzzyRuleAntecedent11joinWithANDEP8FuzzySetS1_
                0x080036b8       0x40 CMakeFiles/Stm32-Nucleo.dir/D_/Projetos/Simulador-IA/Bibliotecas-Globais-C/eFLL/FuzzyRuleAntecedent.cpp.obj
                0x080036b8                FuzzyRuleAntecedent::joinWithAND(FuzzySet*, FuzzySet*)
 .text._ZN19FuzzyRuleConsequentC2Ev
                0x080036f8       0x1a CMakeFiles/Stm32-Nucleo.dir/D_/Projetos/Simulador-IA/Bibliotecas-Globais-C/eFLL/FuzzyRuleConsequent.cpp.obj
                0x080036f8                FuzzyRuleConsequent::FuzzyRuleConsequent()
                0x080036f8                FuzzyRuleConsequent::FuzzyRuleConsequent()
 .text._ZN19FuzzyRuleConsequentD2Ev
                0x08003712       0x1e CMakeFiles/Stm32-Nucleo.dir/D_/Projetos/Simulador-IA/Bibliotecas-Globais-C/eFLL/FuzzyRuleConsequent.cpp.obj
                0x08003712                FuzzyRuleConsequent::~FuzzyRuleConsequent()
                0x08003712                FuzzyRuleConsequent::~FuzzyRuleConsequent()
 .text._ZN19FuzzyRuleConsequent9addOutputEP8FuzzySet
                0x08003730       0x74 CMakeFiles/Stm32-Nucleo.dir/D_/Projetos/Simulador-IA/Bibliotecas-Globais-C/eFLL/FuzzyRuleConsequent.cpp.obj
                0x08003730                FuzzyRuleConsequent::addOutput(FuzzySet*)
 .text._ZN19FuzzyRuleConsequent14cleanFuzzySetsEP19fuzzySetOutputArray
                0x080037a4       0x2a CMakeFiles/Stm32-Nucleo.dir/D_/Projetos/Simulador-IA/Bibliotecas-Globais-C/eFLL/FuzzyRuleConsequent.cpp.obj
                0x080037a4                FuzzyRuleConsequent::cleanFuzzySets(fuzzySetOutputArray*)
 .text._ZN8FuzzySetC2Effff
                0x080037ce       0x44 CMakeFiles/Stm32-Nucleo.dir/D_/Projetos/Simulador-IA/Bibliotecas-Globais-C/eFLL/FuzzySet.cpp.obj
                0x080037ce                FuzzySet::FuzzySet(float, float, float, float)
                0x080037ce                FuzzySet::FuzzySet(float, float, float, float)
 .text._ZN8FuzzySet9getPointAEv
                0x08003812       0x1c CMakeFiles/Stm32-Nucleo.dir/D_/Projetos/Simulador-IA/Bibliotecas-Globais-C/eFLL/FuzzySet.cpp.obj
                0x08003812                FuzzySet::getPointA()
 .text.Fuzzy_create
                0x0800382e       0x1a CMakeFiles/Stm32-Nucleo.dir/D_/Projetos/Simulador-IA/Bibliotecas-Globais-C/eFLL/eFLL_wrapper.cpp.obj
                0x0800382e                Fuzzy_create
 .text.FuzzyInput_create
                0x08003848       0x24 CMakeFiles/Stm32-Nucleo.dir/D_/Projetos/Simulador-IA/Bibliotecas-Globais-C/eFLL/eFLL_wrapper.cpp.obj
                0x08003848                FuzzyInput_create
 .text.FuzzyInput_addFuzzySet
                0x0800386c       0x1e CMakeFiles/Stm32-Nucleo.dir/D_/Projetos/Simulador-IA/Bibliotecas-Globais-C/eFLL/eFLL_wrapper.cpp.obj
                0x0800386c                FuzzyInput_addFuzzySet
 .text.FuzzyOutput_create
                0x0800388a       0x24 CMakeFiles/Stm32-Nucleo.dir/D_/Projetos/Simulador-IA/Bibliotecas-Globais-C/eFLL/eFLL_wrapper.cpp.obj
                0x0800388a                FuzzyOutput_create
 .text.FuzzyOutput_addFuzzySet
                0x080038ae       0x1e CMakeFiles/Stm32-Nucleo.dir/D_/Projetos/Simulador-IA/Bibliotecas-Globais-C/eFLL/eFLL_wrapper.cpp.obj
                0x080038ae                FuzzyOutput_addFuzzySet
 .text.FuzzySet_create
                0x080038cc       0x40 CMakeFiles/Stm32-Nucleo.dir/D_/Projetos/Simulador-IA/Bibliotecas-Globais-C/eFLL/eFLL_wrapper.cpp.obj
                0x080038cc                FuzzySet_create
 .text.FuzzyRuleAntecedent_create
                0x0800390c       0x1a CMakeFiles/Stm32-Nucleo.dir/D_/Projetos/Simulador-IA/Bibliotecas-Globais-C/eFLL/eFLL_wrapper.cpp.obj
                0x0800390c                FuzzyRuleAntecedent_create
 .text.FuzzyRuleAntecedent_destroy
                0x08003926       0x1c CMakeFiles/Stm32-Nucleo.dir/D_/Projetos/Simulador-IA/Bibliotecas-Globais-C/eFLL/eFLL_wrapper.cpp.obj
                0x08003926                FuzzyRuleAntecedent_destroy
 .text.FuzzyRuleAntecedent_joinWithAND_FuzzySet
                0x08003942       0x20 CMakeFiles/Stm32-Nucleo.dir/D_/Projetos/Simulador-IA/Bibliotecas-Globais-C/eFLL/eFLL_wrapper.cpp.obj
                0x08003942                FuzzyRuleAntecedent_joinWithAND_FuzzySet
 .text.FuzzyRuleConsequent_create
                0x08003962       0x1a CMakeFiles/Stm32-Nucleo.dir/D_/Projetos/Simulador-IA/Bibliotecas-Globais-C/eFLL/eFLL_wrapper.cpp.obj
                0x08003962                FuzzyRuleConsequent_create
 .text.FuzzyRuleConsequent_destroy
                0x0800397c       0x22 CMakeFiles/Stm32-Nucleo.dir/D_/Projetos/Simulador-IA/Bibliotecas-Globais-C/eFLL/eFLL_wrapper.cpp.obj
                0x0800397c                FuzzyRuleConsequent_destroy
 .text.FuzzyRuleConsequent_addOutput
                0x0800399e       0x1c CMakeFiles/Stm32-Nucleo.dir/D_/Projetos/Simulador-IA/Bibliotecas-Globais-C/eFLL/eFLL_wrapper.cpp.obj
                0x0800399e                FuzzyRuleConsequent_addOutput
 .text.FuzzyRule_create
                0x080039ba       0x2c CMakeFiles/Stm32-Nucleo.dir/D_/Projetos/Simulador-IA/Bibliotecas-Globais-C/eFLL/eFLL_wrapper.cpp.obj
                0x080039ba                FuzzyRule_create
 .text.FuzzyRule_destroy
                0x080039e6       0x1c CMakeFiles/Stm32-Nucleo.dir/D_/Projetos/Simulador-IA/Bibliotecas-Globais-C/eFLL/eFLL_wrapper.cpp.obj
                0x080039e6                FuzzyRule_destroy
 .text.Fuzzy_addFuzzyInput
                0x08003a02       0x1c CMakeFiles/Stm32-Nucleo.dir/D_/Projetos/Simulador-IA/Bibliotecas-Globais-C/eFLL/eFLL_wrapper.cpp.obj
                0x08003a02                Fuzzy_addFuzzyInput
 .text.Fuzzy_addFuzzyOutput
                0x08003a1e       0x1c CMakeFiles/Stm32-Nucleo.dir/D_/Projetos/Simulador-IA/Bibliotecas-Globais-C/eFLL/eFLL_wrapper.cpp.obj
                0x08003a1e                Fuzzy_addFuzzyOutput
 .text.Fuzzy_addFuzzyRule
                0x08003a3a       0x1c CMakeFiles/Stm32-Nucleo.dir/D_/Projetos/Simulador-IA/Bibliotecas-Globais-C/eFLL/eFLL_wrapper.cpp.obj
                0x08003a3a                Fuzzy_addFuzzyRule
 .text._ZdlPv   0x08003a56        0x4 C:/arm-compiler/xpack-arm-none-eabi-gcc-15.2.1-1.1/bin/../lib/gcc/arm-none-eabi/15.2.1/../../../../arm-none-eabi/lib/thumb/v7e-m+fp/hard\libstdc++_nano.a(del_op.o)
                0x08003a56                operator delete(void*)
 .text._Znwj    0x08003a5a       0x22 C:/arm-compiler/xpack-arm-none-eabi-gcc-15.2.1-1.1/bin/../lib/gcc/arm-none-eabi/15.2.1/../../../../arm-none-eabi/lib/thumb/v7e-m+fp/hard\libstdc++_nano.a(new_op.o)
                0x08003a5a                operator new(unsigned int)
 .text._ZSt15get_new_handlerv
                0x08003a7c       0x10 C:/arm-compiler/xpack-arm-none-eabi-gcc-15.2.1-1.1/bin/../lib/gcc/arm-none-eabi/15.2.1/../../../../arm-none-eabi/lib/thumb/v7e-m+fp/hard\libstdc++_nano.a(new_handler.o)
                0x08003a7c                std::get_new_handler()
 .text.abort    0x08003a8c        0xe C:/arm-compiler/xpack-arm-none-eabi-gcc-15.2.1-1.1/bin/../lib/gcc/arm-none-eabi/15.2.1/../../../../arm-none-eabi/lib/thumb/v7e-m+fp/hard\libg_nano.a(libc_a-abort.o)
                0x08003a8c                abort
 *fill*         0x08003a9a        0x2 
 .text.malloc   0x08003a9c       0x10 C:/arm-compiler/xpack-arm-none-eabi-gcc-15.2.1-1.1/bin/../lib/gcc/arm-none-eabi/15.2.1/../../../../arm-none-eabi/lib/thumb/v7e-m+fp/hard\libg_nano.a(libc_a-malloc.o)
                0x08003a9c                malloc
 .text.free     0x08003aac       0x10 C:/arm-compiler/xpack-arm-none-eabi-gcc-15.2.1-1.1/bin/../lib/gcc/arm-none-eabi/15.2.1/../../../../arm-none-eabi/lib/thumb/v7e-m+fp/hard\libg_nano.a(libc_a-malloc.o)
                0x08003aac                free
 .text.sbrk_aligned
                0x08003abc       0x44 C:/arm-compiler/xpack-arm-none-eabi-gcc-15.2.1-1.1/bin/../lib/gcc/arm-none-eabi/15.2.1/../../../../arm-none-eabi/lib/thumb/v7e-m+fp/hard\libg_nano.a(libc_a-mallocr.o)
 .text._malloc_r
                0x08003b00       0xf8 C:/arm-compiler/xpack-arm-none-eabi-gcc-15.2.1-1.1/bin/../lib/gcc/arm-none-eabi/15.2.1/../../../../arm-none-eabi/lib/thumb/v7e-m+fp/hard\libg_nano.a(libc_a-mallocr.o)
                0x08003b00                _malloc_r
 .text.__malloc_lock
                0x08003bf8        0xc C:/arm-compiler/xpack-arm-none-eabi-gcc-15.2.1-1.1/bin/../lib/gcc/arm-none-eabi/15.2.1/../../../../arm-none-eabi/lib/thumb/v7e-m+fp/hard\libg_nano.a(libc_a-mlock.o)
                0x08003bf8                __malloc_lock
 .text.__malloc_unlock
                0x08003c04        0xc C:/arm-compiler/xpack-arm-none-eabi-gcc-15.2.1-1.1/bin/../lib/gcc/arm-none-eabi/15.2.1/../../../../arm-none-eabi/lib/thumb/v7e-m+fp/hard\libg_nano.a(libc_a-mlock.o)
                0x08003c04                __malloc_unlock
 .text._vsnprintf_r
                0x08003c10       0x50 C:/arm-compiler/xpack-arm-none-eabi-gcc-15.2.1-1.1/bin/../lib/gcc/arm-none-eabi/15.2.1/../../../../arm-none-eabi/lib/thumb/v7e-m+fp/hard\libg_nano.a(libc_a-vsnprintf.o)
                0x08003c10                _vsniprintf_r
                0x08003c10                _vsnprintf_r
 .text.vsnprintf
                0x08003c60       0x1c C:/arm-compiler/xpack-arm-none-eabi-gcc-15.2.1-1.1/bin/../lib/gcc/arm-none-eabi/15.2.1/../../../../arm-none-eabi/lib/thumb/v7e-m+fp/hard\libg_nano.a(libc_a-vsnprintf.o)
                0x08003c60                vsniprintf
                0x08003c60                vsnprintf
 .text.memset   0x08003c7c       0x10 C:/arm-compiler/xpack-arm-none-eabi-gcc-15.2.1-1.1/bin/../lib/gcc/arm-none-eabi/15.2.1/../../../../arm-none-eabi/lib/thumb/v7e-m+fp/hard\libg_nano.a(libc_a-memset.o)
                0x08003c7c                memset
 .text._raise_r
                0x08003c8c       0x50 C:/arm-compiler/xpack-arm-none-eabi-gcc-15.2.1-1.1/bin/../lib/gcc/arm-none-eabi/15.2.1/../../../../arm-none-eabi/lib/thumb/v7e-m+fp/hard\libg_nano.a(libc_a-signal.o)
                0x08003c8c                _raise_r
 .text.raise    0x08003cdc       0x10 C:/arm-compiler/xpack-arm-none-eabi-gcc-15.2.1-1.1/bin/../lib/gcc/arm-none-eabi/15.2.1/../../../../arm-none-eabi/lib/thumb/v7e-m+fp/hard\libg_nano.a(libc_a-signal.o)
                0x08003cdc                raise
 .text._kill_r  0x08003cec       0x24 C:/arm-compiler/xpack-arm-none-eabi-gcc-15.2.1-1.1/bin/../lib/gcc/arm-none-eabi/15.2.1/../../../../arm-none-eabi/lib/thumb/v7e-m+fp/hard\libg_nano.a(libc_a-signalr.o)
                0x08003cec                _kill_r
 .text._getpid_r
                0x08003d10        0x4 C:/arm-compiler/xpack-arm-none-eabi-gcc-15.2.1-1.1/bin/../lib/gcc/arm-none-eabi/15.2.1/../../../../arm-none-eabi/lib/thumb/v7e-m+fp/hard\libg_nano.a(libc_a-signalr.o)
                0x08003d10                _getpid_r
 .text._sbrk_r  0x08003d14       0x20 C:/arm-compiler/xpack-arm-none-eabi-gcc-15.2.1-1.1/bin/../lib/gcc/arm-none-eabi/15.2.1/../../../../arm-none-eabi/lib/thumb/v7e-m+fp/hard\libg_nano.a(libc_a-sbrkr.o)
                0x08003d14                _sbrk_r
 .text.__errno  0x08003d34        0xc C:/arm-compiler/xpack-arm-none-eabi-gcc-15.2.1-1.1/bin/../lib/gcc/arm-none-eabi/15.2.1/../../../../arm-none-eabi/lib/thumb/v7e-m+fp/hard\libg_nano.a(libc_a-errno.o)
                0x08003d34                __errno
 .text.__libc_init_array
                0x08003d40       0x48 C:/arm-compiler/xpack-arm-none-eabi-gcc-15.2.1-1.1/bin/../lib/gcc/arm-none-eabi/15.2.1/../../../../arm-none-eabi/lib/thumb/v7e-m+fp/hard\libg_nano.a(libc_a-init.o)
                0x08003d40                __libc_init_array
 .text.__retarget_lock_acquire_recursive
                0x08003d88        0x2 C:/arm-compiler/xpack-arm-none-eabi-gcc-15.2.1-1.1/bin/../lib/gcc/arm-none-eabi/15.2.1/../../../../arm-none-eabi/lib/thumb/v7e-m+fp/hard\libg_nano.a(libc_a-lock.o)
                0x08003d88                __retarget_lock_acquire_recursive
 .text.__retarget_lock_release_recursive
                0x08003d8a        0x2 C:/arm-compiler/xpack-arm-none-eabi-gcc-15.2.1-1.1/bin/../lib/gcc/arm-none-eabi/15.2.1/../../../../arm-none-eabi/lib/thumb/v7e-m+fp/hard\libg_nano.a(libc_a-lock.o)
                0x08003d8a                __retarget_lock_release_recursive
 .text._free_r  0x08003d8c       0x98 C:/arm-compiler/xpack-arm-none-eabi-gcc-15.2.1-1.1/bin/../lib/gcc/arm-none-eabi/15.2.1/../../../../arm-none-eabi/lib/thumb/v7e-m+fp/hard\libg_nano.a(libc_a-freer.o)
                0x08003d8c                _free_r
 .text.__ssputs_r
                0x08003e24       0xc0 C:/arm-compiler/xpack-arm-none-eabi-gcc-15.2.1-1.1/bin/../lib/gcc/arm-none-eabi/15.2.1/../../../../arm-none-eabi/lib/thumb/v7e-m+fp/hard\libg_nano.a(libc_a-nano-svfprintf.o)
                0x08003e24                __ssputs_r
 .text._svfprintf_r
                0x08003ee4      0x1f0 C:/arm-compiler/xpack-arm-none-eabi-gcc-15.2.1-1.1/bin/../lib/gcc/arm-none-eabi/15.2.1/../../../../arm-none-eabi/lib/thumb/v7e-m+fp/hard\libg_nano.a(libc_a-nano-svfprintf.o)
                0x08003ee4                _svfiprintf_r
                0x08003ee4                _svfprintf_r
 .text._printf_common
                0x080040d4       0xea C:/arm-compiler/xpack-arm-none-eabi-gcc-15.2.1-1.1/bin/../lib/gcc/arm-none-eabi/15.2.1/../../../../arm-none-eabi/lib/thumb/v7e-m+fp/hard\libg_nano.a(libc_a-nano-vfprintf_i.o)
                0x080040d4                _printf_common
 *fill*         0x080041be        0x2 
 .text._printf_i
                0x080041c0      0x254 C:/arm-compiler/xpack-arm-none-eabi-gcc-15.2.1-1.1/bin/../lib/gcc/arm-none-eabi/15.2.1/../../../../arm-none-eabi/lib/thumb/v7e-m+fp/hard\libg_nano.a(libc_a-nano-vfprintf_i.o)
                0x080041c0                _printf_i
 .text.memmove  0x08004414       0x32 C:/arm-compiler/xpack-arm-none-eabi-gcc-15.2.1-1.1/bin/../lib/gcc/arm-none-eabi/15.2.1/../../../../arm-none-eabi/lib/thumb/v7e-m+fp/hard\libg_nano.a(libc_a-memmove.o)
                0x08004414                memmove
 .text.memcpy   0x08004446       0x1c C:/arm-compiler/xpack-arm-none-eabi-gcc-15.2.1-1.1/bin/../lib/gcc/arm-none-eabi/15.2.1/../../../../arm-none-eabi/lib/thumb/v7e-m+fp/hard\libg_nano.a(libc_a-memcpy-stub.o)
                0x08004446                memcpy
 .text._realloc_r
                0x08004462       0x5c C:/arm-compiler/xpack-arm-none-eabi-gcc-15.2.1-1.1/bin/../lib/gcc/arm-none-eabi/15.2.1/../../../../arm-none-eabi/lib/thumb/v7e-m+fp/hard\libg_nano.a(libc_a-reallocr.o)
                0x08004462                _realloc_r
 .text._malloc_usable_size_r
                0x080044be       0x10 C:/arm-compiler/xpack-arm-none-eabi-gcc-15.2.1-1.1/bin/../lib/gcc/arm-none-eabi/15.2.1/../../../../arm-none-eabi/lib/thumb/v7e-m+fp/hard\libg_nano.a(libc_a-msizer.o)
                0x080044be                _malloc_usable_size_r
 *(.glue_7)
 .glue_7        0x080044ce        0x0 linker stubs
 *(.glue_7t)
 .glue_7t       0x080044ce        0x0 linker stubs
 *(.eh_frame)
 *fill*         0x080044ce        0x2 
 .eh_frame      0x080044d0        0x0 C:/arm-compiler/xpack-arm-none-eabi-gcc-15.2.1-1.1/bin/../lib/gcc/arm-none-eabi/15.2.1/thumb/v7e-m+fp/hard/crtbegin.o
 *(.init)
 .init          0x080044d0        0x4 C:/arm-compiler/xpack-arm-none-eabi-gcc-15.2.1-1.1/bin/../lib/gcc/arm-none-eabi/15.2.1/thumb/v7e-m+fp/hard/crti.o
                0x080044d0                _init
 .init          0x080044d4        0x8 C:/arm-compiler/xpack-arm-none-eabi-gcc-15.2.1-1.1/bin/../lib/gcc/arm-none-eabi/15.2.1/thumb/v7e-m+fp/hard/crtn.o
 *(.fini)
 .fini          0x080044dc        0x4 C:/arm-compiler/xpack-arm-none-eabi-gcc-15.2.1-1.1/bin/../lib/gcc/arm-none-eabi/15.2.1/thumb/v7e-m+fp/hard/crti.o
                0x080044dc                _fini
 .fini          0x080044e0        0x8 C:/arm-compiler/xpack-arm-none-eabi-gcc-15.2.1-1.1/bin/../lib/gcc/arm-none-eabi/15.2.1/thumb/v7e-m+fp/hard/crtn.o
                0x080044e8                        . = ALIGN (0x4)
                0x080044e8                        _etext = .

.vfp11_veneer   0x080044e8        0x0
 .vfp11_veneer  0x080044e8        0x0 linker stubs

.v4_bx          0x080044e8        0x0
 .v4_bx         0x080044e8        0x0 linker stubs

.iplt           0x080044e8        0x0
 .iplt          0x080044e8        0x0 C:/arm-compiler/xpack-arm-none-eabi-gcc-15.2.1-1.1/bin/../lib/gcc/arm-none-eabi/15.2.1/thumb/v7e-m+fp/hard/crtbegin.o

.rodata         0x080044e8      0x134
                0x080044e8                        . = ALIGN (0x4)
 *(.rodata)
 .rodata        0x080044e8       0x4e CMakeFiles/Stm32-Nucleo.dir/Core/Src/main.c.obj
 *fill*         0x08004536        0x2 
 .rodata        0x08004538       0x76 CMakeFiles/Stm32-Nucleo.dir/Core/Src/controller_reporter.c.obj
 *(.rodata*)
 *fill*         0x080045ae        0x2 
 .rodata.AHBPrescTable
                0x080045b0       0x10 cmake/stm32cubemx/CMakeFiles/STM32_Drivers.dir/__/__/Core/Src/system_stm32f3xx.c.obj
                0x080045b0                AHBPrescTable
 .rodata.APBPrescTable
                0x080045c0        0x8 cmake/stm32cubemx/CMakeFiles/STM32_Drivers.dir/__/__/Core/Src/system_stm32f3xx.c.obj
                0x080045c0                APBPrescTable
 .rodata.aPLLMULFactorTable
                0x080045c8       0x10 cmake/stm32cubemx/CMakeFiles/STM32_Drivers.dir/__/__/Drivers/STM32F3xx_HAL_Driver/Src/stm32f3xx_hal_rcc.c.obj
 .rodata.aPredivFactorTable
                0x080045d8       0x10 cmake/stm32cubemx/CMakeFiles/STM32_Drivers.dir/__/__/Drivers/STM32F3xx_HAL_Driver/Src/stm32f3xx_hal_rcc.c.obj
 .rodata._svfprintf_r.str1.1
                0x080045e8       0x33 C:/arm-compiler/xpack-arm-none-eabi-gcc-15.2.1-1.1/bin/../lib/gcc/arm-none-eabi/15.2.1/../../../../arm-none-eabi/lib/thumb/v7e-m+fp/hard\libg_nano.a(libc_a-nano-svfprintf.o)
                                 0x11 (size before relaxing)
 .rodata._printf_i.str1.1
                0x0800461b        0x0 C:/arm-compiler/xpack-arm-none-eabi-gcc-15.2.1-1.1/bin/../lib/gcc/arm-none-eabi/15.2.1/../../../../arm-none-eabi/lib/thumb/v7e-m+fp/hard\libg_nano.a(libc_a-nano-vfprintf_i.o)
                                 0x22 (size before relaxing)
                0x0800461c                        . = ALIGN (0x4)
 *fill*         0x0800461b        0x1 

.ARM.extab      0x0800461c        0x0
                0x0800461c                        . = ALIGN (0x4)
 *(.ARM.extab* .gnu.linkonce.armextab.*)
                0x0800461c                        . = ALIGN (0x4)

.ARM            0x0800461c        0x8
                0x0800461c                        . = ALIGN (0x4)
                0x0800461c                        __exidx_start = .
 *(.ARM.exidx*)
 .ARM.exidx     0x0800461c        0x8 C:/arm-compiler/xpack-arm-none-eabi-gcc-15.2.1-1.1/bin/../lib/gcc/arm-none-eabi/15.2.1/../../../../arm-none-eabi/lib/thumb/v7e-m+fp/hard\libg_nano.a(libc_a-strlen.o)
 .ARM.exidx     0x08004624        0x0 C:/arm-compiler/xpack-arm-none-eabi-gcc-15.2.1-1.1/bin/../lib/gcc/arm-none-eabi/15.2.1/../../../../arm-none-eabi/lib/thumb/v7e-m+fp/hard\libg_nano.a(libc_a-memchr.o)
                                  0x8 (size before relaxing)
                0x08004624                        __exidx_end = .
                0x08004624                        . = ALIGN (0x4)

.preinit_array  0x08004624        0x0
                0x08004624                        . = ALIGN (0x4)
                0x08004624                        PROVIDE (__preinit_array_start = .)
 *(.preinit_array*)
                0x08004624                        PROVIDE (__preinit_array_end = .)
                0x08004624                        . = ALIGN (0x4)

.init_array     0x08004624        0x4
                0x08004624                        . = ALIGN (0x4)
                0x08004624                        PROVIDE (__init_array_start = .)
 *(SORT_BY_NAME(.init_array.*))
 *(.init_array*)
 .init_array    0x08004624        0x4 C:/arm-compiler/xpack-arm-none-eabi-gcc-15.2.1-1.1/bin/../lib/gcc/arm-none-eabi/15.2.1/thumb/v7e-m+fp/hard/crtbegin.o
                0x08004628                        PROVIDE (__init_array_end = .)
                0x08004628                        . = ALIGN (0x4)

.fini_array     0x08004628        0x4
                0x08004628                        . = ALIGN (0x4)
                0x08004628                        PROVIDE (__fini_array_start = .)
 *(SORT_BY_NAME(.fini_array.*))
 *(.fini_array*)
 .fini_array    0x08004628        0x4 C:/arm-compiler/xpack-arm-none-eabi-gcc-15.2.1-1.1/bin/../lib/gcc/arm-none-eabi/15.2.1/thumb/v7e-m+fp/hard/crtbegin.o
                0x0800462c                        PROVIDE (__fini_array_end = .)
                0x0800462c                        . = ALIGN (0x4)
                0x0800462c                        _siccmram = LOADADDR (.ccmram)

.rel.dyn        0x0800462c        0x0
 .rel.iplt      0x0800462c        0x0 C:/arm-compiler/xpack-arm-none-eabi-gcc-15.2.1-1.1/bin/../lib/gcc/arm-none-eabi/15.2.1/thumb/v7e-m+fp/hard/crtbegin.o

.ccmram         0x10000000        0x0 load address 0x0800462c
                0x10000000                        . = ALIGN (0x4)
                0x10000000                        _sccmram = .
 *(.ccmram)
 *(.ccmram*)
                0x10000000                        . = ALIGN (0x4)
                0x10000000                        _eccmram = .
                0x0800462c                        _sidata = LOADADDR (.data)

.data           0x20000000       0x5c load address 0x0800462c
                0x20000000                        . = ALIGN (0x4)
                0x20000000                        _sdata = .
 *(.data)
 *(.data*)
 .data.SystemCoreClock
                0x20000000        0x4 cmake/stm32cubemx/CMakeFiles/STM32_Drivers.dir/__/__/Core/Src/system_stm32f3xx.c.obj
                0x20000000                SystemCoreClock
 .data.uwTickPrio
                0x20000004        0x4 cmake/stm32cubemx/CMakeFiles/STM32_Drivers.dir/__/__/Drivers/STM32F3xx_HAL_Driver/Src/stm32f3xx_hal.c.obj
                0x20000004                uwTickPrio
 .data.uwTickFreq
                0x20000008        0x1 cmake/stm32cubemx/CMakeFiles/STM32_Drivers.dir/__/__/Drivers/STM32F3xx_HAL_Driver/Src/stm32f3xx_hal.c.obj
                0x20000008                uwTickFreq
 *fill*         0x20000009        0x3 
 .data._impure_ptr
                0x2000000c        0x4 C:/arm-compiler/xpack-arm-none-eabi-gcc-15.2.1-1.1/bin/../lib/gcc/arm-none-eabi/15.2.1/../../../../arm-none-eabi/lib/thumb/v7e-m+fp/hard\libg_nano.a(libc_a-impure.o)
                0x2000000c                _impure_ptr
 .data._impure_data
                0x20000010       0x4c C:/arm-compiler/xpack-arm-none-eabi-gcc-15.2.1-1.1/bin/../lib/gcc/arm-none-eabi/15.2.1/../../../../arm-none-eabi/lib/thumb/v7e-m+fp/hard\libg_nano.a(libc_a-impure.o)
                0x20000010                _impure_data
 *(.RamFunc)
 *(.RamFunc*)
                0x2000005c                        . = ALIGN (0x4)

.igot.plt       0x2000005c        0x0 load address 0x08004688
 .igot.plt      0x2000005c        0x0 C:/arm-compiler/xpack-arm-none-eabi-gcc-15.2.1-1.1/bin/../lib/gcc/arm-none-eabi/15.2.1/thumb/v7e-m+fp/hard/crtbegin.o

.tdata          0x2000005c        0x0 load address 0x08004688
 *(.tdata .tdata.* .gnu.linkonce.td.*)
                0x2000005c                        . = ALIGN (0x4)
                0x2000005c                        _edata = .
                [!provide]                        PROVIDE (__data_end = .)
                [!provide]                        PROVIDE (__tdata_end = .)
                [!provide]                        PROVIDE (__tdata_start = ADDR (.tdata))
                [!provide]                        PROVIDE (__tdata_size = (__tdata_end - __tdata_start))
                [!provide]                        PROVIDE (__data_start = ADDR (.data))
                [!provide]                        PROVIDE (__data_size = (__data_end - __data_start))
                [!provide]                        PROVIDE (__tdata_source = LOADADDR (.tdata))
                [!provide]                        PROVIDE (__tdata_source_end = (LOADADDR (.tdata) + SIZEOF (.tdata)))
                [!provide]                        PROVIDE (__tdata_source_size = (__tdata_source_end - __tdata_source))
                [!provide]                        PROVIDE (__data_source = LOADADDR (.data))
                [!provide]                        PROVIDE (__data_source_end = __tdata_source_end)
                [!provide]                        PROVIDE (__data_source_size = (__data_source_end - __data_source))

.tbss           0x2000005c        0x0 load address 0x08004688
                0x2000005c                        _sbss = .
                0x2000005c                        __bss_start__ = _sbss
 *(.tbss .tbss.*)
                0x2000005c                        . = ALIGN (0x4)
                [!provide]                        PROVIDE (__tbss_end = .)
                [!provide]                        PROVIDE (__tbss_start = ADDR (.tbss))
                [!provide]                        PROVIDE (__tbss_size = (__tbss_end - __tbss_start))
                [!provide]                        PROVIDE (__tbss_offset = (ADDR (.tbss) - ADDR (.tdata)))
                [!provide]                        PROVIDE (__tls_base = __tdata_start)
                [!provide]                        PROVIDE (__tls_end = __tbss_end)
                [!provide]                        PROVIDE (__tls_size = (__tls_end - __tls_base))
                [!provide]                        PROVIDE (__tls_align = MAX (ALIGNOF (.tdata), ALIGNOF (.tbss)))
                [!provide]                        PROVIDE (__tls_size_align = (((__tls_size + __tls_align) - 0x1) & ~ ((__tls_align - 0x1))))
                [!provide]                        PROVIDE (__arm32_tls_tcb_offset = MAX (0x8, __tls_align))
                [!provide]                        PROVIDE (__arm64_tls_tcb_offset = MAX (0x10, __tls_align))

.bss            0x2000005c      0x330 load address 0x08004688
 *(.bss)
 *(.bss*)
 .bss.completed.1
                0x2000005c        0x1 C:/arm-compiler/xpack-arm-none-eabi-gcc-15.2.1-1.1/bin/../lib/gcc/arm-none-eabi/15.2.1/thumb/v7e-m+fp/hard/crtbegin.o
 *fill*         0x2000005d        0x3 
 .bss.object.0  0x20000060       0x18 C:/arm-compiler/xpack-arm-none-eabi-gcc-15.2.1-1.1/bin/../lib/gcc/arm-none-eabi/15.2.1/thumb/v7e-m+fp/hard/crtbegin.o
 .bss.uwTick    0x20000078        0x4 cmake/stm32cubemx/CMakeFiles/STM32_Drivers.dir/__/__/Drivers/STM32F3xx_HAL_Driver/Src/stm32f3xx_hal.c.obj
                0x20000078                uwTick
 .bss.huart2    0x2000007c       0x88 CMakeFiles/Stm32-Nucleo.dir/Core/Src/main.c.obj
                0x2000007c                huart2
 .bss.__sbrk_heap_end
                0x20000104        0x4 CMakeFiles/Stm32-Nucleo.dir/Core/Src/sysmem.c.obj
 .bss.g_huart   0x20000108        0x4 CMakeFiles/Stm32-Nucleo.dir/Core/Src/serial_logger.c.obj
 .bss.fuzzy     0x2000010c        0x4 CMakeFiles/Stm32-Nucleo.dir/Core/Src/fuzzy-controller.c.obj
 .bss.Breserva  0x20000110        0x4 CMakeFiles/Stm32-Nucleo.dir/Core/Src/fuzzy-controller.c.obj
 .bss.Bextremamente_baixa
                0x20000114        0x4 CMakeFiles/Stm32-Nucleo.dir/Core/Src/fuzzy-controller.c.obj
 .bss.Bbaixa    0x20000118        0x4 CMakeFiles/Stm32-Nucleo.dir/Core/Src/fuzzy-controller.c.obj
 .bss.Bmedia    0x2000011c        0x4 CMakeFiles/Stm32-Nucleo.dir/Core/Src/fuzzy-controller.c.obj
 .bss.Balta     0x20000120        0x4 CMakeFiles/Stm32-Nucleo.dir/Core/Src/fuzzy-controller.c.obj
 .bss.Qmuitobaixa
                0x20000124        0x4 CMakeFiles/Stm32-Nucleo.dir/Core/Src/fuzzy-controller.c.obj
 .bss.Qbaixa    0x20000128        0x4 CMakeFiles/Stm32-Nucleo.dir/Core/Src/fuzzy-controller.c.obj
 .bss.Qalta     0x2000012c        0x4 CMakeFiles/Stm32-Nucleo.dir/Core/Src/fuzzy-controller.c.obj
 .bss.Qmuitoalta
                0x20000130        0x4 CMakeFiles/Stm32-Nucleo.dir/Core/Src/fuzzy-controller.c.obj
 .bss.NaoLiga   0x20000134        0x4 CMakeFiles/Stm32-Nucleo.dir/Core/Src/fuzzy-controller.c.obj
 .bss.Liga      0x20000138        0x4 CMakeFiles/Stm32-Nucleo.dir/Core/Src/fuzzy-controller.c.obj
 .bss.Bateria   0x2000013c        0x4 CMakeFiles/Stm32-Nucleo.dir/Core/Src/fuzzy-controller.c.obj
 .bss.Taxa      0x20000140        0x4 CMakeFiles/Stm32-Nucleo.dir/Core/Src/fuzzy-controller.c.obj
 .bss.GPRS      0x20000144        0x4 CMakeFiles/Stm32-Nucleo.dir/Core/Src/fuzzy-controller.c.obj
 .bss.g_antecedentes
                0x20000148       0x50 CMakeFiles/Stm32-Nucleo.dir/Core/Src/fuzzy-controller.c.obj
 .bss.g_consequentes
                0x20000198       0x50 CMakeFiles/Stm32-Nucleo.dir/Core/Src/fuzzy-controller.c.obj
 .bss.g_regras  0x200001e8       0x50 CMakeFiles/Stm32-Nucleo.dir/Core/Src/fuzzy-controller.c.obj
 .bss.g_num_regras_criadas
                0x20000238        0x4 CMakeFiles/Stm32-Nucleo.dir/Core/Src/fuzzy-controller.c.obj
 .bss.g_inicializado
                0x2000023c        0x4 CMakeFiles/Stm32-Nucleo.dir/Core/Src/fuzzy-controller.c.obj
 .bss._ZN12_GLOBAL__N_1L13__new_handlerE
                0x20000240        0x4 C:/arm-compiler/xpack-arm-none-eabi-gcc-15.2.1-1.1/bin/../lib/gcc/arm-none-eabi/15.2.1/../../../../arm-none-eabi/lib/thumb/v7e-m+fp/hard\libstdc++_nano.a(new_handler.o)
 .bss.__malloc_sbrk_start
                0x20000244        0x4 C:/arm-compiler/xpack-arm-none-eabi-gcc-15.2.1-1.1/bin/../lib/gcc/arm-none-eabi/15.2.1/../../../../arm-none-eabi/lib/thumb/v7e-m+fp/hard\libg_nano.a(libc_a-mallocr.o)
                0x20000244                __malloc_sbrk_start
 .bss.__malloc_free_list
                0x20000248        0x4 C:/arm-compiler/xpack-arm-none-eabi-gcc-15.2.1-1.1/bin/../lib/gcc/arm-none-eabi/15.2.1/../../../../arm-none-eabi/lib/thumb/v7e-m+fp/hard\libg_nano.a(libc_a-mallocr.o)
                0x20000248                __malloc_free_list
 .bss.__sf      0x2000024c      0x138 C:/arm-compiler/xpack-arm-none-eabi-gcc-15.2.1-1.1/bin/../lib/gcc/arm-none-eabi/15.2.1/../../../../arm-none-eabi/lib/thumb/v7e-m+fp/hard\libg_nano.a(libc_a-findfp.o)
                0x2000024c                __sf
 .bss.errno     0x20000384        0x4 C:/arm-compiler/xpack-arm-none-eabi-gcc-15.2.1-1.1/bin/../lib/gcc/arm-none-eabi/15.2.1/../../../../arm-none-eabi/lib/thumb/v7e-m+fp/hard\libg_nano.a(libc_a-reent.o)
                0x20000384                errno
 .bss.__lock___malloc_recursive_mutex
                0x20000388        0x1 C:/arm-compiler/xpack-arm-none-eabi-gcc-15.2.1-1.1/bin/../lib/gcc/arm-none-eabi/15.2.1/../../../../arm-none-eabi/lib/thumb/v7e-m+fp/hard\libg_nano.a(libc_a-lock.o)
                0x20000388                __lock___malloc_recursive_mutex
 *(COMMON)
                0x2000038c                        . = ALIGN (0x4)
 *fill*         0x20000389        0x3 
                0x2000038c                        _ebss = .
                0x2000038c                        __bss_end__ = _ebss
                [!provide]                        PROVIDE (__bss_end = .)
                [!provide]                        PROVIDE (__non_tls_bss_start = ADDR (.bss))
                [!provide]                        PROVIDE (__bss_start = __tbss_start)
                [!provide]                        PROVIDE (__bss_size = (__bss_end - __bss_start))

._user_heap_stack
                0x2000038c      0x604 load address 0x08004688
                0x20000390                        . = ALIGN (0x8)
 *fill*         0x2000038c        0x4 
                [!provide]                        PROVIDE (end = .)
                0x20000390                        PROVIDE (_end = .)
                0x20000590                        . = (. + _Min_Heap_Size)
 *fill*         0x20000390      0x200 
                0x20000990                        . = (. + _Min_Stack_Size)
 *fill*         0x20000590      0x400 
                0x20000990                        . = ALIGN (0x8)

/DISCARD/
 libc.a:*(*)
 libm.a:*(*)
 libgcc.a:*(*)
OUTPUT(Stm32-Nucleo.elf elf32-littlearm)
LOAD linker stubs

.ARM.attributes
                0x00000000       0x30
 .ARM.attributes
                0x00000000       0x22 C:/arm-compiler/xpack-arm-none-eabi-gcc-15.2.1-1.1/bin/../lib/gcc/arm-none-eabi/15.2.1/thumb/v7e-m+fp/hard/crti.o
 .ARM.attributes
                0x00000022       0x34 C:/arm-compiler/xpack-arm-none-eabi-gcc-15.2.1-1.1/bin/../lib/gcc/arm-none-eabi/15.2.1/thumb/v7e-m+fp/hard/crtbegin.o
 .ARM.attributes
                0x00000056       0x34 cmake/stm32cubemx/CMakeFiles/STM32_Drivers.dir/__/__/Core/Src/system_stm32f3xx.c.obj
 .ARM.attributes
                0x0000008a       0x34 cmake/stm32cubemx/CMakeFiles/STM32_Drivers.dir/__/__/Drivers/STM32F3xx_HAL_Driver/Src/stm32f3xx_hal.c.obj
 .ARM.attributes
                0x000000be       0x34 cmake/stm32cubemx/CMakeFiles/STM32_Drivers.dir/__/__/Drivers/STM32F3xx_HAL_Driver/Src/stm32f3xx_hal_rcc.c.obj
 .ARM.attributes
                0x000000f2       0x34 cmake/stm32cubemx/CMakeFiles/STM32_Drivers.dir/__/__/Drivers/STM32F3xx_HAL_Driver/Src/stm32f3xx_hal_gpio.c.obj
 .ARM.attributes
                0x00000126       0x34 cmake/stm32cubemx/CMakeFiles/STM32_Drivers.dir/__/__/Drivers/STM32F3xx_HAL_Driver/Src/stm32f3xx_hal_cortex.c.obj
 .ARM.attributes
                0x0000015a       0x34 cmake/stm32cubemx/CMakeFiles/STM32_Drivers.dir/__/__/Drivers/STM32F3xx_HAL_Driver/Src/stm32f3xx_hal_uart.c.obj
 .ARM.attributes
                0x0000018e       0x34 CMakeFiles/Stm32-Nucleo.dir/Core/Src/main.c.obj
 .ARM.attributes
                0x000001c2       0x34 CMakeFiles/Stm32-Nucleo.dir/Core/Src/stm32f3xx_it.c.obj
 .ARM.attributes
                0x000001f6       0x34 CMakeFiles/Stm32-Nucleo.dir/Core/Src/stm32f3xx_hal_msp.c.obj
 .ARM.attributes
                0x0000022a       0x34 CMakeFiles/Stm32-Nucleo.dir/Core/Src/sysmem.c.obj
 .ARM.attributes
                0x0000025e       0x34 CMakeFiles/Stm32-Nucleo.dir/Core/Src/syscalls.c.obj
 .ARM.attributes
                0x00000292       0x21 CMakeFiles/Stm32-Nucleo.dir/startup_stm32f303xe.s.obj
 .ARM.attributes
                0x000002b3       0x34 CMakeFiles/Stm32-Nucleo.dir/Core/Src/controller_reporter.c.obj
 .ARM.attributes
                0x000002e7       0x34 CMakeFiles/Stm32-Nucleo.dir/Core/Src/serial_logger.c.obj
 .ARM.attributes
                0x0000031b       0x34 CMakeFiles/Stm32-Nucleo.dir/Core/Src/fuzzy-controller.c.obj
 .ARM.attributes
                0x0000034f       0x34 CMakeFiles/Stm32-Nucleo.dir/D_/Projetos/Simulador-IA/Bibliotecas-Globais-C/eFLL/Fuzzy.cpp.obj
 .ARM.attributes
                0x00000383       0x34 CMakeFiles/Stm32-Nucleo.dir/D_/Projetos/Simulador-IA/Bibliotecas-Globais-C/eFLL/FuzzyComposition.cpp.obj
 .ARM.attributes
                0x000003b7       0x34 CMakeFiles/Stm32-Nucleo.dir/D_/Projetos/Simulador-IA/Bibliotecas-Globais-C/eFLL/FuzzyIO.cpp.obj
 .ARM.attributes
                0x000003eb       0x34 CMakeFiles/Stm32-Nucleo.dir/D_/Projetos/Simulador-IA/Bibliotecas-Globais-C/eFLL/FuzzyInput.cpp.obj
 .ARM.attributes
                0x0000041f       0x34 CMakeFiles/Stm32-Nucleo.dir/D_/Projetos/Simulador-IA/Bibliotecas-Globais-C/eFLL/FuzzyOutput.cpp.obj
 .ARM.attributes
                0x00000453       0x34 CMakeFiles/Stm32-Nucleo.dir/D_/Projetos/Simulador-IA/Bibliotecas-Globais-C/eFLL/FuzzyRule.cpp.obj
 .ARM.attributes
                0x00000487       0x34 CMakeFiles/Stm32-Nucleo.dir/D_/Projetos/Simulador-IA/Bibliotecas-Globais-C/eFLL/FuzzyRuleAntecedent.cpp.obj
 .ARM.attributes
                0x000004bb       0x34 CMakeFiles/Stm32-Nucleo.dir/D_/Projetos/Simulador-IA/Bibliotecas-Globais-C/eFLL/FuzzyRuleConsequent.cpp.obj
 .ARM.attributes
                0x000004ef       0x34 CMakeFiles/Stm32-Nucleo.dir/D_/Projetos/Simulador-IA/Bibliotecas-Globais-C/eFLL/FuzzySet.cpp.obj
 .ARM.attributes
                0x00000523       0x34 CMakeFiles/Stm32-Nucleo.dir/D_/Projetos/Simulador-IA/Bibliotecas-Globais-C/eFLL/eFLL_wrapper.cpp.obj
 .ARM.attributes
                0x00000557       0x34 C:/arm-compiler/xpack-arm-none-eabi-gcc-15.2.1-1.1/bin/../lib/gcc/arm-none-eabi/15.2.1/../../../../arm-none-eabi/lib/thumb/v7e-m+fp/hard\libstdc++_nano.a(del_op.o)
 .ARM.attributes
                0x0000058b       0x34 C:/arm-compiler/xpack-arm-none-eabi-gcc-15.2.1-1.1/bin/../lib/gcc/arm-none-eabi/15.2.1/../../../../arm-none-eabi/lib/thumb/v7e-m+fp/hard\libstdc++_nano.a(new_op.o)
 .ARM.attributes
                0x000005bf       0x34 C:/arm-compiler/xpack-arm-none-eabi-gcc-15.2.1-1.1/bin/../lib/gcc/arm-none-eabi/15.2.1/../../../../arm-none-eabi/lib/thumb/v7e-m+fp/hard\libstdc++_nano.a(new_handler.o)
 .ARM.attributes
                0x000005f3       0x34 C:/arm-compiler/xpack-arm-none-eabi-gcc-15.2.1-1.1/bin/../lib/gcc/arm-none-eabi/15.2.1/../../../../arm-none-eabi/lib/thumb/v7e-m+fp/hard\libg_nano.a(libc_a-abort.o)
 .ARM.attributes
                0x00000627       0x34 C:/arm-compiler/xpack-arm-none-eabi-gcc-15.2.1-1.1/bin/../lib/gcc/arm-none-eabi/15.2.1/../../../../arm-none-eabi/lib/thumb/v7e-m+fp/hard\libg_nano.a(libc_a-malloc.o)
 .ARM.attributes
                0x0000065b       0x34 C:/arm-compiler/xpack-arm-none-eabi-gcc-15.2.1-1.1/bin/../lib/gcc/arm-none-eabi/15.2.1/../../../../arm-none-eabi/lib/thumb/v7e-m+fp/hard\libg_nano.a(libc_a-mallocr.o)
 .ARM.attributes
                0x0000068f       0x34 C:/arm-compiler/xpack-arm-none-eabi-gcc-15.2.1-1.1/bin/../lib/gcc/arm-none-eabi/15.2.1/../../../../arm-none-eabi/lib/thumb/v7e-m+fp/hard\libg_nano.a(libc_a-mlock.o)
 .ARM.attributes
                0x000006c3       0x34 C:/arm-compiler/xpack-arm-none-eabi-gcc-15.2.1-1.1/bin/../lib/gcc/arm-none-eabi/15.2.1/../../../../arm-none-eabi/lib/thumb/v7e-m+fp/hard\libg_nano.a(libc_a-findfp.o)
 .ARM.attributes
                0x000006f7       0x34 C:/arm-compiler/xpack-arm-none-eabi-gcc-15.2.1-1.1/bin/../lib/gcc/arm-none-eabi/15.2.1/../../../../arm-none-eabi/lib/thumb/v7e-m+fp/hard\libg_nano.a(libc_a-vsnprintf.o)
 .ARM.attributes
                0x0000072b       0x34 C:/arm-compiler/xpack-arm-none-eabi-gcc-15.2.1-1.1/bin/../lib/gcc/arm-none-eabi/15.2.1/../../../../arm-none-eabi/lib/thumb/v7e-m+fp/hard\libg_nano.a(libc_a-memset.o)
 .ARM.attributes
                0x0000075f       0x34 C:/arm-compiler/xpack-arm-none-eabi-gcc-15.2.1-1.1/bin/../lib/gcc/arm-none-eabi/15.2.1/../../../../arm-none-eabi/lib/thumb/v7e-m+fp/hard\libg_nano.a(libc_a-signal.o)
 .ARM.attributes
                0x00000793       0x34 C:/arm-compiler/xpack-arm-none-eabi-gcc-15.2.1-1.1/bin/../lib/gcc/arm-none-eabi/15.2.1/../../../../arm-none-eabi/lib/thumb/v7e-m+fp/hard\libg_nano.a(libc_a-reent.o)
 .ARM.attributes
                0x000007c7       0x34 C:/arm-compiler/xpack-arm-none-eabi-gcc-15.2.1-1.1/bin/../lib/gcc/arm-none-eabi/15.2.1/../../../../arm-none-eabi/lib/thumb/v7e-m+fp/hard\libg_nano.a(libc_a-impure.o)
 .ARM.attributes
                0x000007fb       0x34 C:/arm-compiler/xpack-arm-none-eabi-gcc-15.2.1-1.1/bin/../lib/gcc/arm-none-eabi/15.2.1/../../../../arm-none-eabi/lib/thumb/v7e-m+fp/hard\libg_nano.a(libc_a-signalr.o)
 .ARM.attributes
                0x0000082f       0x34 C:/arm-compiler/xpack-arm-none-eabi-gcc-15.2.1-1.1/bin/../lib/gcc/arm-none-eabi/15.2.1/../../../../arm-none-eabi/lib/thumb/v7e-m+fp/hard\libg_nano.a(libc_a-sbrkr.o)
 .ARM.attributes
                0x00000863       0x34 C:/arm-compiler/xpack-arm-none-eabi-gcc-15.2.1-1.1/bin/../lib/gcc/arm-none-eabi/15.2.1/../../../../arm-none-eabi/lib/thumb/v7e-m+fp/hard\libg_nano.a(libc_a-errno.o)
 .ARM.attributes
                0x00000897       0x34 C:/arm-compiler/xpack-arm-none-eabi-gcc-15.2.1-1.1/bin/../lib/gcc/arm-none-eabi/15.2.1/../../../../arm-none-eabi/lib/thumb/v7e-m+fp/hard\libg_nano.a(libc_a-init.o)
 .ARM.attributes
                0x000008cb       0x34 C:/arm-compiler/xpack-arm-none-eabi-gcc-15.2.1-1.1/bin/../lib/gcc/arm-none-eabi/15.2.1/../../../../arm-none-eabi/lib/thumb/v7e-m+fp/hard\libg_nano.a(libc_a-lock.o)
 .ARM.attributes
                0x000008ff       0x17 C:/arm-compiler/xpack-arm-none-eabi-gcc-15.2.1-1.1/bin/../lib/gcc/arm-none-eabi/15.2.1/../../../../arm-none-eabi/lib/thumb/v7e-m+fp/hard\libg_nano.a(libc_a-strlen.o)
 .ARM.attributes
                0x00000916       0x34 C:/arm-compiler/xpack-arm-none-eabi-gcc-15.2.1-1.1/bin/../lib/gcc/arm-none-eabi/15.2.1/../../../../arm-none-eabi/lib/thumb/v7e-m+fp/hard\libg_nano.a(libc_a-freer.o)
 .ARM.attributes
                0x0000094a       0x34 C:/arm-compiler/xpack-arm-none-eabi-gcc-15.2.1-1.1/bin/../lib/gcc/arm-none-eabi/15.2.1/../../../../arm-none-eabi/lib/thumb/v7e-m+fp/hard\libg_nano.a(libc_a-nano-svfprintf.o)
 .ARM.attributes
                0x0000097e       0x34 C:/arm-compiler/xpack-arm-none-eabi-gcc-15.2.1-1.1/bin/../lib/gcc/arm-none-eabi/15.2.1/../../../../arm-none-eabi/lib/thumb/v7e-m+fp/hard\libg_nano.a(libc_a-nano-vfprintf_i.o)
 .ARM.attributes
                0x000009b2       0x34 C:/arm-compiler/xpack-arm-none-eabi-gcc-15.2.1-1.1/bin/../lib/gcc/arm-none-eabi/15.2.1/../../../../arm-none-eabi/lib/thumb/v7e-m+fp/hard\libg_nano.a(libc_a-memmove.o)
 .ARM.attributes
                0x000009e6       0x1c C:/arm-compiler/xpack-arm-none-eabi-gcc-15.2.1-1.1/bin/../lib/gcc/arm-none-eabi/15.2.1/../../../../arm-none-eabi/lib/thumb/v7e-m+fp/hard\libg_nano.a(libc_a-memchr.o)
 .ARM.attributes
                0x00000a02       0x34 C:/arm-compiler/xpack-arm-none-eabi-gcc-15.2.1-1.1/bin/../lib/gcc/arm-none-eabi/15.2.1/../../../../arm-none-eabi/lib/thumb/v7e-m+fp/hard\libg_nano.a(libc_a-memcpy-stub.o)
 .ARM.attributes
                0x00000a36       0x34 C:/arm-compiler/xpack-arm-none-eabi-gcc-15.2.1-1.1/bin/../lib/gcc/arm-none-eabi/15.2.1/../../../../arm-none-eabi/lib/thumb/v7e-m+fp/hard\libg_nano.a(libc_a-reallocr.o)
 .ARM.attributes
                0x00000a6a       0x34 C:/arm-compiler/xpack-arm-none-eabi-gcc-15.2.1-1.1/bin/../lib/gcc/arm-none-eabi/15.2.1/../../../../arm-none-eabi/lib/thumb/v7e-m+fp/hard\libg_nano.a(libc_a-msizer.o)
 .ARM.attributes
                0x00000a9e       0x22 C:/arm-compiler/xpack-arm-none-eabi-gcc-15.2.1-1.1/bin/../lib/gcc/arm-none-eabi/15.2.1/thumb/v7e-m+fp/hard/crtn.o

.comment        0x00000000       0x39
 .comment       0x00000000       0x39 C:/arm-compiler/xpack-arm-none-eabi-gcc-15.2.1-1.1/bin/../lib/gcc/arm-none-eabi/15.2.1/thumb/v7e-m+fp/hard/crtbegin.o
                                 0x3a (size before relaxing)
 .comment       0x00000039        0x0 cmake/stm32cubemx/CMakeFiles/STM32_Drivers.dir/__/__/Core/Src/system_stm32f3xx.c.obj
                                 0x3a (size before relaxing)
 .comment       0x00000039        0x0 cmake/stm32cubemx/CMakeFiles/STM32_Drivers.dir/__/__/Drivers/STM32F3xx_HAL_Driver/Src/stm32f3xx_hal.c.obj
                                 0x3a (size before relaxing)
 .comment       0x00000039        0x0 cmake/stm32cubemx/CMakeFiles/STM32_Drivers.dir/__/__/Drivers/STM32F3xx_HAL_Driver/Src/stm32f3xx_hal_rcc.c.obj
                                 0x3a (size before relaxing)
 .comment       0x00000039        0x0 cmake/stm32cubemx/CMakeFiles/STM32_Drivers.dir/__/__/Drivers/STM32F3xx_HAL_Driver/Src/stm32f3xx_hal_gpio.c.obj
                                 0x3a (size before relaxing)
 .comment       0x00000039        0x0 cmake/stm32cubemx/CMakeFiles/STM32_Drivers.dir/__/__/Drivers/STM32F3xx_HAL_Driver/Src/stm32f3xx_hal_cortex.c.obj
                                 0x3a (size before relaxing)
 .comment       0x00000039        0x0 cmake/stm32cubemx/CMakeFiles/STM32_Drivers.dir/__/__/Drivers/STM32F3xx_HAL_Driver/Src/stm32f3xx_hal_uart.c.obj
                                 0x3a (size before relaxing)
 .comment       0x00000039        0x0 CMakeFiles/Stm32-Nucleo.dir/Core/Src/main.c.obj
                                 0x3a (size before relaxing)
 .comment       0x00000039        0x0 CMakeFiles/Stm32-Nucleo.dir/Core/Src/stm32f3xx_it.c.obj
                                 0x3a (size before relaxing)
 .comment       0x00000039        0x0 CMakeFiles/Stm32-Nucleo.dir/Core/Src/stm32f3xx_hal_msp.c.obj
                                 0x3a (size before relaxing)
 .comment       0x00000039        0x0 CMakeFiles/Stm32-Nucleo.dir/Core/Src/sysmem.c.obj
                                 0x3a (size before relaxing)
 .comment       0x00000039        0x0 CMakeFiles/Stm32-Nucleo.dir/Core/Src/syscalls.c.obj
                                 0x3a (size before relaxing)
 .comment       0x00000039        0x0 CMakeFiles/Stm32-Nucleo.dir/Core/Src/controller_reporter.c.obj
                                 0x3a (size before relaxing)
 .comment       0x00000039        0x0 CMakeFiles/Stm32-Nucleo.dir/Core/Src/serial_logger.c.obj
                                 0x3a (size before relaxing)
 .comment       0x00000039        0x0 CMakeFiles/Stm32-Nucleo.dir/Core/Src/fuzzy-controller.c.obj
                                 0x3a (size before relaxing)
 .comment       0x00000039        0x0 CMakeFiles/Stm32-Nucleo.dir/D_/Projetos/Simulador-IA/Bibliotecas-Globais-C/eFLL/Fuzzy.cpp.obj
                                 0x3a (size before relaxing)
 .comment       0x00000039        0x0 CMakeFiles/Stm32-Nucleo.dir/D_/Projetos/Simulador-IA/Bibliotecas-Globais-C/eFLL/FuzzyComposition.cpp.obj
                                 0x3a (size before relaxing)
 .comment       0x00000039        0x0 CMakeFiles/Stm32-Nucleo.dir/D_/Projetos/Simulador-IA/Bibliotecas-Globais-C/eFLL/FuzzyIO.cpp.obj
                                 0x3a (size before relaxing)
 .comment       0x00000039        0x0 CMakeFiles/Stm32-Nucleo.dir/D_/Projetos/Simulador-IA/Bibliotecas-Globais-C/eFLL/FuzzyInput.cpp.obj
                                 0x3a (size before relaxing)
 .comment       0x00000039        0x0 CMakeFiles/Stm32-Nucleo.dir/D_/Projetos/Simulador-IA/Bibliotecas-Globais-C/eFLL/FuzzyOutput.cpp.obj
                                 0x3a (size before relaxing)
 .comment       0x00000039        0x0 CMakeFiles/Stm32-Nucleo.dir/D_/Projetos/Simulador-IA/Bibliotecas-Globais-C/eFLL/FuzzyRule.cpp.obj
                                 0x3a (size before relaxing)
 .comment       0x00000039        0x0 CMakeFiles/Stm32-Nucleo.dir/D_/Projetos/Simulador-IA/Bibliotecas-Globais-C/eFLL/FuzzyRuleAntecedent.cpp.obj
                                 0x3a (size before relaxing)
 .comment       0x00000039        0x0 CMakeFiles/Stm32-Nucleo.dir/D_/Projetos/Simulador-IA/Bibliotecas-Globais-C/eFLL/FuzzyRuleConsequent.cpp.obj
                                 0x3a (size before relaxing)
 .comment       0x00000039        0x0 CMakeFiles/Stm32-Nucleo.dir/D_/Projetos/Simulador-IA/Bibliotecas-Globais-C/eFLL/FuzzySet.cpp.obj
                                 0x3a (size before relaxing)
 .comment       0x00000039        0x0 CMakeFiles/Stm32-Nucleo.dir/D_/Projetos/Simulador-IA/Bibliotecas-Globais-C/eFLL/eFLL_wrapper.cpp.obj
                                 0x3a (size before relaxing)
 .comment       0x00000039        0x0 C:/arm-compiler/xpack-arm-none-eabi-gcc-15.2.1-1.1/bin/../lib/gcc/arm-none-eabi/15.2.1/../../../../arm-none-eabi/lib/thumb/v7e-m+fp/hard\libstdc++_nano.a(del_op.o)
                                 0x3a (size before relaxing)
 .comment       0x00000039        0x0 C:/arm-compiler/xpack-arm-none-eabi-gcc-15.2.1-1.1/bin/../lib/gcc/arm-none-eabi/15.2.1/../../../../arm-none-eabi/lib/thumb/v7e-m+fp/hard\libstdc++_nano.a(new_op.o)
                                 0x3a (size before relaxing)
 .comment       0x00000039        0x0 C:/arm-compiler/xpack-arm-none-eabi-gcc-15.2.1-1.1/bin/../lib/gcc/arm-none-eabi/15.2.1/../../../../arm-none-eabi/lib/thumb/v7e-m+fp/hard\libstdc++_nano.a(new_handler.o)
                                 0x3a (size before relaxing)
 .comment       0x00000039        0x0 C:/arm-compiler/xpack-arm-none-eabi-gcc-15.2.1-1.1/bin/../lib/gcc/arm-none-eabi/15.2.1/../../../../arm-none-eabi/lib/thumb/v7e-m+fp/hard\libg_nano.a(libc_a-abort.o)
                                 0x3a (size before relaxing)
 .comment       0x00000039        0x0 C:/arm-compiler/xpack-arm-none-eabi-gcc-15.2.1-1.1/bin/../lib/gcc/arm-none-eabi/15.2.1/../../../../arm-none-eabi/lib/thumb/v7e-m+fp/hard\libg_nano.a(libc_a-malloc.o)
                                 0x3a (size before relaxing)
 .comment       0x00000039        0x0 C:/arm-compiler/xpack-arm-none-eabi-gcc-15.2.1-1.1/bin/../lib/gcc/arm-none-eabi/15.2.1/../../../../arm-none-eabi/lib/thumb/v7e-m+fp/hard\libg_nano.a(libc_a-mallocr.o)
                                 0x3a (size before relaxing)
 .comment       0x00000039        0x0 C:/arm-compiler/xpack-arm-none-eabi-gcc-15.2.1-1.1/bin/../lib/gcc/arm-none-eabi/15.2.1/../../../../arm-none-eabi/lib/thumb/v7e-m+fp/hard\libg_nano.a(libc_a-mlock.o)
                                 0x3a (size before relaxing)
 .comment       0x00000039        0x0 C:/arm-compiler/xpack-arm-none-eabi-gcc-15.2.1-1.1/bin/../lib/gcc/arm-none-eabi/15.2.1/../../../../arm-none-eabi/lib/thumb/v7e-m+fp/hard\libg_nano.a(libc_a-findfp.o)
                                 0x3a (size before relaxing)
 .comment       0x00000039        0x0 C:/arm-compiler/xpack-arm-none-eabi-gcc-15.2.1-1.1/bin/../lib/gcc/arm-none-eabi/15.2.1/../../../../arm-none-eabi/lib/thumb/v7e-m+fp/hard\libg_nano.a(libc_a-vsnprintf.o)
                                 0x3a (size before relaxing)
 .comment       0x00000039        0x0 C:/arm-compiler/xpack-arm-none-eabi-gcc-15.2.1-1.1/bin/../lib/gcc/arm-none-eabi/15.2.1/../../../../arm-none-eabi/lib/thumb/v7e-m+fp/hard\libg_nano.a(libc_a-memset.o)
                                 0x3a (size before relaxing)
 .comment       0x00000039        0x0 C:/arm-compiler/xpack-arm-none-eabi-gcc-15.2.1-1.1/bin/../lib/gcc/arm-none-eabi/15.2.1/../../../../arm-none-eabi/lib/thumb/v7e-m+fp/hard\libg_nano.a(libc_a-signal.o)
                                 0x3a (size before relaxing)
 .comment       0x00000039        0x0 C:/arm-compiler/xpack-arm-none-eabi-gcc-15.2.1-1.1/bin/../lib/gcc/arm-none-eabi/15.2.1/../../../../arm-none-eabi/lib/thumb/v7e-m+fp/hard\libg_nano.a(libc_a-reent.o)
                                 0x3a (size before relaxing)
 .comment       0x00000039        0x0 C:/arm-compiler/xpack-arm-none-eabi-gcc-15.2.1-1.1/bin/../lib/gcc/arm-none-eabi/15.2.1/../../../../arm-none-eabi/lib/thumb/v7e-m+fp/hard\libg_nano.a(libc_a-impure.o)
                                 0x3a (size before relaxing)
 .comment       0x00000039        0x0 C:/arm-compiler/xpack-arm-none-eabi-gcc-15.2.1-1.1/bin/../lib/gcc/arm-none-eabi/15.2.1/../../../../arm-none-eabi/lib/thumb/v7e-m+fp/hard\libg_nano.a(libc_a-signalr.o)
                                 0x3a (size before relaxing)
 .comment       0x00000039        0x0 C:/arm-compiler/xpack-arm-none-eabi-gcc-15.2.1-1.1/bin/../lib/gcc/arm-none-eabi/15.2.1/../../../../arm-none-eabi/lib/thumb/v7e-m+fp/hard\libg_nano.a(libc_a-sbrkr.o)
                                 0x3a (size before relaxing)
 .comment       0x00000039        0x0 C:/arm-compiler/xpack-arm-none-eabi-gcc-15.2.1-1.1/bin/../lib/gcc/arm-none-eabi/15.2.1/../../../../arm-none-eabi/lib/thumb/v7e-m+fp/hard\libg_nano.a(libc_a-errno.o)
                                 0x3a (size before relaxing)
 .comment       0x00000039        0x0 C:/arm-compiler/xpack-arm-none-eabi-gcc-15.2.1-1.1/bin/../lib/gcc/arm-none-eabi/15.2.1/../../../../arm-none-eabi/lib/thumb/v7e-m+fp/hard\libg_nano.a(libc_a-init.o)
                                 0x3a (size before relaxing)
 .comment       0x00000039        0x0 C:/arm-compiler/xpack-arm-none-eabi-gcc-15.2.1-1.1/bin/../lib/gcc/arm-none-eabi/15.2.1/../../../../arm-none-eabi/lib/thumb/v7e-m+fp/hard\libg_nano.a(libc_a-lock.o)
                                 0x3a (size before relaxing)
 .comment       0x00000039        0x0 C:/arm-compiler/xpack-arm-none-eabi-gcc-15.2.1-1.1/bin/../lib/gcc/arm-none-eabi/15.2.1/../../../../arm-none-eabi/lib/thumb/v7e-m+fp/hard\libg_nano.a(libc_a-freer.o)
                                 0x3a (size before relaxing)
 .comment       0x00000039        0x0 C:/arm-compiler/xpack-arm-none-eabi-gcc-15.2.1-1.1/bin/../lib/gcc/arm-none-eabi/15.2.1/../../../../arm-none-eabi/lib/thumb/v7e-m+fp/hard\libg_nano.a(libc_a-nano-svfprintf.o)
                                 0x3a (size before relaxing)
 .comment       0x00000039        0x0 C:/arm-compiler/xpack-arm-none-eabi-gcc-15.2.1-1.1/bin/../lib/gcc/arm-none-eabi/15.2.1/../../../../arm-none-eabi/lib/thumb/v7e-m+fp/hard\libg_nano.a(libc_a-nano-vfprintf_i.o)
                                 0x3a (size before relaxing)
 .comment       0x00000039        0x0 C:/arm-compiler/xpack-arm-none-eabi-gcc-15.2.1-1.1/bin/../lib/gcc/arm-none-eabi/15.2.1/../../../../arm-none-eabi/lib/thumb/v7e-m+fp/hard\libg_nano.a(libc_a-memmove.o)
                                 0x3a (size before relaxing)
 .comment       0x00000039        0x0 C:/arm-compiler/xpack-arm-none-eabi-gcc-15.2.1-1.1/bin/../lib/gcc/arm-none-eabi/15.2.1/../../../../arm-none-eabi/lib/thumb/v7e-m+fp/hard\libg_nano.a(libc_a-memcpy-stub.o)
                                 0x3a (size before relaxing)
 .comment       0x00000039        0x0 C:/arm-compiler/xpack-arm-none-eabi-gcc-15.2.1-1.1/bin/../lib/gcc/arm-none-eabi/15.2.1/../../../../arm-none-eabi/lib/thumb/v7e-m+fp/hard\libg_nano.a(libc_a-reallocr.o)
                                 0x3a (size before relaxing)
 .comment       0x00000039        0x0 C:/arm-compiler/xpack-arm-none-eabi-gcc-15.2.1-1.1/bin/../lib/gcc/arm-none-eabi/15.2.1/../../../../arm-none-eabi/lib/thumb/v7e-m+fp/hard\libg_nano.a(libc_a-msizer.o)
                                 0x3a (size before relaxing)

.debug_info     0x00000000    0x137db
 .debug_info    0x00000000      0x407 cmake/stm32cubemx/CMakeFiles/STM32_Drivers.dir/__/__/Core/Src/system_stm32f3xx.c.obj
 .debug_info    0x00000407      0x804 cmake/stm32cubemx/CMakeFiles/STM32_Drivers.dir/__/__/Drivers/STM32F3xx_HAL_Driver/Src/stm32f3xx_hal.c.obj
 .debug_info    0x00000c0b     0x149a cmake/stm32cubemx/CMakeFiles/STM32_Drivers.dir/__/__/Drivers/STM32F3xx_HAL_Driver/Src/stm32f3xx_hal_rcc.c.obj
 .debug_info    0x000020a5      0x6a6 cmake/stm32cubemx/CMakeFiles/STM32_Drivers.dir/__/__/Drivers/STM32F3xx_HAL_Driver/Src/stm32f3xx_hal_gpio.c.obj
 .debug_info    0x0000274b      0xd14 cmake/stm32cubemx/CMakeFiles/STM32_Drivers.dir/__/__/Drivers/STM32F3xx_HAL_Driver/Src/stm32f3xx_hal_cortex.c.obj
 .debug_info    0x0000345f     0x39df cmake/stm32cubemx/CMakeFiles/STM32_Drivers.dir/__/__/Drivers/STM32F3xx_HAL_Driver/Src/stm32f3xx_hal_uart.c.obj
 .debug_info    0x00006e3e      0xbe0 CMakeFiles/Stm32-Nucleo.dir/Core/Src/main.c.obj
 .debug_info    0x00007a1e      0x113 CMakeFiles/Stm32-Nucleo.dir/Core/Src/stm32f3xx_it.c.obj
 .debug_info    0x00007b31      0x18d CMakeFiles/Stm32-Nucleo.dir/Core/Src/stm32f3xx_hal_msp.c.obj
 .debug_info    0x00007cbe      0x168 CMakeFiles/Stm32-Nucleo.dir/Core/Src/sysmem.c.obj
 .debug_info    0x00007e26      0x6b4 CMakeFiles/Stm32-Nucleo.dir/Core/Src/syscalls.c.obj
 .debug_info    0x000084da       0x30 CMakeFiles/Stm32-Nucleo.dir/startup_stm32f303xe.s.obj
 .debug_info    0x0000850a      0x145 CMakeFiles/Stm32-Nucleo.dir/Core/Src/controller_reporter.c.obj
 .debug_info    0x0000864f      0x22b CMakeFiles/Stm32-Nucleo.dir/Core/Src/serial_logger.c.obj
 .debug_info    0x0000887a      0x5b1 CMakeFiles/Stm32-Nucleo.dir/Core/Src/fuzzy-controller.c.obj
 .debug_info    0x00008e2b     0x176e CMakeFiles/Stm32-Nucleo.dir/D_/Projetos/Simulador-IA/Bibliotecas-Globais-C/eFLL/Fuzzy.cpp.obj
 .debug_info    0x0000a599     0x229d CMakeFiles/Stm32-Nucleo.dir/D_/Projetos/Simulador-IA/Bibliotecas-Globais-C/eFLL/FuzzyComposition.cpp.obj
 .debug_info    0x0000c836      0xc3b CMakeFiles/Stm32-Nucleo.dir/D_/Projetos/Simulador-IA/Bibliotecas-Globais-C/eFLL/FuzzyIO.cpp.obj
 .debug_info    0x0000d471      0xbfc CMakeFiles/Stm32-Nucleo.dir/D_/Projetos/Simulador-IA/Bibliotecas-Globais-C/eFLL/FuzzyInput.cpp.obj
 .debug_info    0x0000e06d     0x1138 CMakeFiles/Stm32-Nucleo.dir/D_/Projetos/Simulador-IA/Bibliotecas-Globais-C/eFLL/FuzzyOutput.cpp.obj
 .debug_info    0x0000f1a5      0xd9e CMakeFiles/Stm32-Nucleo.dir/D_/Projetos/Simulador-IA/Bibliotecas-Globais-C/eFLL/FuzzyRule.cpp.obj
 .debug_info    0x0000ff43      0xd32 CMakeFiles/Stm32-Nucleo.dir/D_/Projetos/Simulador-IA/Bibliotecas-Globais-C/eFLL/FuzzyRuleAntecedent.cpp.obj
 .debug_info    0x00010c75      0xaf1 CMakeFiles/Stm32-Nucleo.dir/D_/Projetos/Simulador-IA/Bibliotecas-Globais-C/eFLL/FuzzyRuleConsequent.cpp.obj
 .debug_info    0x00011766      0x3eb CMakeFiles/Stm32-Nucleo.dir/D_/Projetos/Simulador-IA/Bibliotecas-Globais-C/eFLL/FuzzySet.cpp.obj
 .debug_info    0x00011b51     0x1c8a CMakeFiles/Stm32-Nucleo.dir/D_/Projetos/Simulador-IA/Bibliotecas-Globais-C/eFLL/eFLL_wrapper.cpp.obj

.debug_abbrev   0x00000000     0x35b5
 .debug_abbrev  0x00000000      0x11a cmake/stm32cubemx/CMakeFiles/STM32_Drivers.dir/__/__/Core/Src/system_stm32f3xx.c.obj
 .debug_abbrev  0x0000011a      0x215 cmake/stm32cubemx/CMakeFiles/STM32_Drivers.dir/__/__/Drivers/STM32F3xx_HAL_Driver/Src/stm32f3xx_hal.c.obj
 .debug_abbrev  0x0000032f      0x300 cmake/stm32cubemx/CMakeFiles/STM32_Drivers.dir/__/__/Drivers/STM32F3xx_HAL_Driver/Src/stm32f3xx_hal_rcc.c.obj
 .debug_abbrev  0x0000062f      0x1ca cmake/stm32cubemx/CMakeFiles/STM32_Drivers.dir/__/__/Drivers/STM32F3xx_HAL_Driver/Src/stm32f3xx_hal_gpio.c.obj
 .debug_abbrev  0x000007f9      0x31e cmake/stm32cubemx/CMakeFiles/STM32_Drivers.dir/__/__/Drivers/STM32F3xx_HAL_Driver/Src/stm32f3xx_hal_cortex.c.obj
 .debug_abbrev  0x00000b17      0x2d1 cmake/stm32cubemx/CMakeFiles/STM32_Drivers.dir/__/__/Drivers/STM32F3xx_HAL_Driver/Src/stm32f3xx_hal_uart.c.obj
 .debug_abbrev  0x00000de8      0x27e CMakeFiles/Stm32-Nucleo.dir/Core/Src/main.c.obj
 .debug_abbrev  0x00001066       0x73 CMakeFiles/Stm32-Nucleo.dir/Core/Src/stm32f3xx_it.c.obj
 .debug_abbrev  0x000010d9       0xc6 CMakeFiles/Stm32-Nucleo.dir/Core/Src/stm32f3xx_hal_msp.c.obj
 .debug_abbrev  0x0000119f       0xbc CMakeFiles/Stm32-Nucleo.dir/Core/Src/sysmem.c.obj
 .debug_abbrev  0x0000125b      0x1bc CMakeFiles/Stm32-Nucleo.dir/Core/Src/syscalls.c.obj
 .debug_abbrev  0x00001417       0x24 CMakeFiles/Stm32-Nucleo.dir/startup_stm32f303xe.s.obj
 .debug_abbrev  0x0000143b      0x107 CMakeFiles/Stm32-Nucleo.dir/Core/Src/controller_reporter.c.obj
 .debug_abbrev  0x00001542      0x137 CMakeFiles/Stm32-Nucleo.dir/Core/Src/serial_logger.c.obj
 .debug_abbrev  0x00001679      0x19a CMakeFiles/Stm32-Nucleo.dir/Core/Src/fuzzy-controller.c.obj
 .debug_abbrev  0x00001813      0x3a4 CMakeFiles/Stm32-Nucleo.dir/D_/Projetos/Simulador-IA/Bibliotecas-Globais-C/eFLL/Fuzzy.cpp.obj
 .debug_abbrev  0x00001bb7      0x3b7 CMakeFiles/Stm32-Nucleo.dir/D_/Projetos/Simulador-IA/Bibliotecas-Globais-C/eFLL/FuzzyComposition.cpp.obj
 .debug_abbrev  0x00001f6e      0x321 CMakeFiles/Stm32-Nucleo.dir/D_/Projetos/Simulador-IA/Bibliotecas-Globais-C/eFLL/FuzzyIO.cpp.obj
 .debug_abbrev  0x0000228f      0x303 CMakeFiles/Stm32-Nucleo.dir/D_/Projetos/Simulador-IA/Bibliotecas-Globais-C/eFLL/FuzzyInput.cpp.obj
 .debug_abbrev  0x00002592      0x39b CMakeFiles/Stm32-Nucleo.dir/D_/Projetos/Simulador-IA/Bibliotecas-Globais-C/eFLL/FuzzyOutput.cpp.obj
 .debug_abbrev  0x0000292d      0x2ab CMakeFiles/Stm32-Nucleo.dir/D_/Projetos/Simulador-IA/Bibliotecas-Globais-C/eFLL/FuzzyRule.cpp.obj
 .debug_abbrev  0x00002bd8      0x256 CMakeFiles/Stm32-Nucleo.dir/D_/Projetos/Simulador-IA/Bibliotecas-Globais-C/eFLL/FuzzyRuleAntecedent.cpp.obj
 .debug_abbrev  0x00002e2e      0x2c9 CMakeFiles/Stm32-Nucleo.dir/D_/Projetos/Simulador-IA/Bibliotecas-Globais-C/eFLL/FuzzyRuleConsequent.cpp.obj
 .debug_abbrev  0x000030f7      0x172 CMakeFiles/Stm32-Nucleo.dir/D_/Projetos/Simulador-IA/Bibliotecas-Globais-C/eFLL/FuzzySet.cpp.obj
 .debug_abbrev  0x00003269      0x34c CMakeFiles/Stm32-Nucleo.dir/D_/Projetos/Simulador-IA/Bibliotecas-Globais-C/eFLL/eFLL_wrapper.cpp.obj

.debug_aranges  0x00000000      0xbc8
 .debug_aranges
                0x00000000       0x28 cmake/stm32cubemx/CMakeFiles/STM32_Drivers.dir/__/__/Core/Src/system_stm32f3xx.c.obj
 .debug_aranges
                0x00000028       0xe0 cmake/stm32cubemx/CMakeFiles/STM32_Drivers.dir/__/__/Drivers/STM32F3xx_HAL_Driver/Src/stm32f3xx_hal.c.obj
 .debug_aranges
                0x00000108       0x88 cmake/stm32cubemx/CMakeFiles/STM32_Drivers.dir/__/__/Drivers/STM32F3xx_HAL_Driver/Src/stm32f3xx_hal_rcc.c.obj
 .debug_aranges
                0x00000190       0x58 cmake/stm32cubemx/CMakeFiles/STM32_Drivers.dir/__/__/Drivers/STM32F3xx_HAL_Driver/Src/stm32f3xx_hal_gpio.c.obj
 .debug_aranges
                0x000001e8      0x128 cmake/stm32cubemx/CMakeFiles/STM32_Drivers.dir/__/__/Drivers/STM32F3xx_HAL_Driver/Src/stm32f3xx_hal_cortex.c.obj
 .debug_aranges
                0x00000310      0x228 cmake/stm32cubemx/CMakeFiles/STM32_Drivers.dir/__/__/Drivers/STM32F3xx_HAL_Driver/Src/stm32f3xx_hal_uart.c.obj
 .debug_aranges
                0x00000538       0x30 CMakeFiles/Stm32-Nucleo.dir/Core/Src/main.c.obj
 .debug_aranges
                0x00000568       0x60 CMakeFiles/Stm32-Nucleo.dir/Core/Src/stm32f3xx_it.c.obj
 .debug_aranges
                0x000005c8       0x20 CMakeFiles/Stm32-Nucleo.dir/Core/Src/stm32f3xx_hal_msp.c.obj
 .debug_aranges
                0x000005e8       0x20 CMakeFiles/Stm32-Nucleo.dir/Core/Src/sysmem.c.obj
 .debug_aranges
                0x00000608       0xa8 CMakeFiles/Stm32-Nucleo.dir/Core/Src/syscalls.c.obj
 .debug_aranges
                0x000006b0       0x28 CMakeFiles/Stm32-Nucleo.dir/startup_stm32f303xe.s.obj
 .debug_aranges
                0x000006d8       0x28 CMakeFiles/Stm32-Nucleo.dir/Core/Src/controller_reporter.c.obj
 .debug_aranges
                0x00000700       0x30 CMakeFiles/Stm32-Nucleo.dir/Core/Src/serial_logger.c.obj
 .debug_aranges
                0x00000730       0x48 CMakeFiles/Stm32-Nucleo.dir/Core/Src/fuzzy-controller.c.obj
 .debug_aranges
                0x00000778       0x78 CMakeFiles/Stm32-Nucleo.dir/D_/Projetos/Simulador-IA/Bibliotecas-Globais-C/eFLL/Fuzzy.cpp.obj
 .debug_aranges
                0x000007f0       0x70 CMakeFiles/Stm32-Nucleo.dir/D_/Projetos/Simulador-IA/Bibliotecas-Globais-C/eFLL/FuzzyComposition.cpp.obj
 .debug_aranges
                0x00000860       0x60 CMakeFiles/Stm32-Nucleo.dir/D_/Projetos/Simulador-IA/Bibliotecas-Globais-C/eFLL/FuzzyIO.cpp.obj
 .debug_aranges
                0x000008c0       0x38 CMakeFiles/Stm32-Nucleo.dir/D_/Projetos/Simulador-IA/Bibliotecas-Globais-C/eFLL/FuzzyInput.cpp.obj
 .debug_aranges
                0x000008f8       0x60 CMakeFiles/Stm32-Nucleo.dir/D_/Projetos/Simulador-IA/Bibliotecas-Globais-C/eFLL/FuzzyOutput.cpp.obj
 .debug_aranges
                0x00000958       0x40 CMakeFiles/Stm32-Nucleo.dir/D_/Projetos/Simulador-IA/Bibliotecas-Globais-C/eFLL/FuzzyRule.cpp.obj
 .debug_aranges
                0x00000998       0x70 CMakeFiles/Stm32-Nucleo.dir/D_/Projetos/Simulador-IA/Bibliotecas-Globais-C/eFLL/FuzzyRuleAntecedent.cpp.obj
 .debug_aranges
                0x00000a08       0x40 CMakeFiles/Stm32-Nucleo.dir/D_/Projetos/Simulador-IA/Bibliotecas-Globais-C/eFLL/FuzzyRuleConsequent.cpp.obj
 .debug_aranges
                0x00000a48       0x68 CMakeFiles/Stm32-Nucleo.dir/D_/Projetos/Simulador-IA/Bibliotecas-Globais-C/eFLL/FuzzySet.cpp.obj
 .debug_aranges
                0x00000ab0      0x118 CMakeFiles/Stm32-Nucleo.dir/D_/Projetos/Simulador-IA/Bibliotecas-Globais-C/eFLL/eFLL_wrapper.cpp.obj

.debug_rnglists
                0x00000000      0x8de
 .debug_rnglists
                0x00000000       0x1a cmake/stm32cubemx/CMakeFiles/STM32_Drivers.dir/__/__/Core/Src/system_stm32f3xx.c.obj
 .debug_rnglists
                0x0000001a       0xa3 cmake/stm32cubemx/CMakeFiles/STM32_Drivers.dir/__/__/Drivers/STM32F3xx_HAL_Driver/Src/stm32f3xx_hal.c.obj
 .debug_rnglists
                0x000000bd       0x66 cmake/stm32cubemx/CMakeFiles/STM32_Drivers.dir/__/__/Drivers/STM32F3xx_HAL_Driver/Src/stm32f3xx_hal_rcc.c.obj
 .debug_rnglists
                0x00000123       0x3f cmake/stm32cubemx/CMakeFiles/STM32_Drivers.dir/__/__/Drivers/STM32F3xx_HAL_Driver/Src/stm32f3xx_hal_gpio.c.obj
 .debug_rnglists
                0x00000162       0xd9 cmake/stm32cubemx/CMakeFiles/STM32_Drivers.dir/__/__/Drivers/STM32F3xx_HAL_Driver/Src/stm32f3xx_hal_cortex.c.obj
 .debug_rnglists
                0x0000023b      0x1da cmake/stm32cubemx/CMakeFiles/STM32_Drivers.dir/__/__/Drivers/STM32F3xx_HAL_Driver/Src/stm32f3xx_hal_uart.c.obj
 .debug_rnglists
                0x00000415       0x20 CMakeFiles/Stm32-Nucleo.dir/Core/Src/main.c.obj
 .debug_rnglists
                0x00000435       0x43 CMakeFiles/Stm32-Nucleo.dir/Core/Src/stm32f3xx_it.c.obj
 .debug_rnglists
                0x00000478       0x13 CMakeFiles/Stm32-Nucleo.dir/Core/Src/stm32f3xx_hal_msp.c.obj
 .debug_rnglists
                0x0000048b       0x13 CMakeFiles/Stm32-Nucleo.dir/Core/Src/sysmem.c.obj
 .debug_rnglists
                0x0000049e       0x79 CMakeFiles/Stm32-Nucleo.dir/Core/Src/syscalls.c.obj
 .debug_rnglists
                0x00000517       0x19 CMakeFiles/Stm32-Nucleo.dir/startup_stm32f303xe.s.obj
 .debug_rnglists
                0x00000530       0x19 CMakeFiles/Stm32-Nucleo.dir/Core/Src/controller_reporter.c.obj
 .debug_rnglists
                0x00000549       0x1f CMakeFiles/Stm32-Nucleo.dir/Core/Src/serial_logger.c.obj
 .debug_rnglists
                0x00000568       0x34 CMakeFiles/Stm32-Nucleo.dir/Core/Src/fuzzy-controller.c.obj
 .debug_rnglists
                0x0000059c       0x56 CMakeFiles/Stm32-Nucleo.dir/D_/Projetos/Simulador-IA/Bibliotecas-Globais-C/eFLL/Fuzzy.cpp.obj
 .debug_rnglists
                0x000005f2       0x81 CMakeFiles/Stm32-Nucleo.dir/D_/Projetos/Simulador-IA/Bibliotecas-Globais-C/eFLL/FuzzyComposition.cpp.obj
 .debug_rnglists
                0x00000673       0x43 CMakeFiles/Stm32-Nucleo.dir/D_/Projetos/Simulador-IA/Bibliotecas-Globais-C/eFLL/FuzzyIO.cpp.obj
 .debug_rnglists
                0x000006b6       0x25 CMakeFiles/Stm32-Nucleo.dir/D_/Projetos/Simulador-IA/Bibliotecas-Globais-C/eFLL/FuzzyInput.cpp.obj
 .debug_rnglists
                0x000006db       0x46 CMakeFiles/Stm32-Nucleo.dir/D_/Projetos/Simulador-IA/Bibliotecas-Globais-C/eFLL/FuzzyOutput.cpp.obj
 .debug_rnglists
                0x00000721       0x2b CMakeFiles/Stm32-Nucleo.dir/D_/Projetos/Simulador-IA/Bibliotecas-Globais-C/eFLL/FuzzyRule.cpp.obj
 .debug_rnglists
                0x0000074c       0x50 CMakeFiles/Stm32-Nucleo.dir/D_/Projetos/Simulador-IA/Bibliotecas-Globais-C/eFLL/FuzzyRuleAntecedent.cpp.obj
 .debug_rnglists
                0x0000079c       0x2b CMakeFiles/Stm32-Nucleo.dir/D_/Projetos/Simulador-IA/Bibliotecas-Globais-C/eFLL/FuzzyRuleConsequent.cpp.obj
 .debug_rnglists
                0x000007c7       0x4a CMakeFiles/Stm32-Nucleo.dir/D_/Projetos/Simulador-IA/Bibliotecas-Globais-C/eFLL/FuzzySet.cpp.obj
 .debug_rnglists
                0x00000811       0xcd CMakeFiles/Stm32-Nucleo.dir/D_/Projetos/Simulador-IA/Bibliotecas-Globais-C/eFLL/eFLL_wrapper.cpp.obj

.debug_macro    0x00000000    0x24751
 .debug_macro   0x00000000      0x1d7 cmake/stm32cubemx/CMakeFiles/STM32_Drivers.dir/__/__/Core/Src/system_stm32f3xx.c.obj
 .debug_macro   0x000001d7      0xaea cmake/stm32cubemx/CMakeFiles/STM32_Drivers.dir/__/__/Core/Src/system_stm32f3xx.c.obj
 .debug_macro   0x00000cc1       0x2e cmake/stm32cubemx/CMakeFiles/STM32_Drivers.dir/__/__/Core/Src/system_stm32f3xx.c.obj
 .debug_macro   0x00000cef       0x28 cmake/stm32cubemx/CMakeFiles/STM32_Drivers.dir/__/__/Core/Src/system_stm32f3xx.c.obj
 .debug_macro   0x00000d17       0x22 cmake/stm32cubemx/CMakeFiles/STM32_Drivers.dir/__/__/Core/Src/system_stm32f3xx.c.obj
 .debug_macro   0x00000d39       0x8e cmake/stm32cubemx/CMakeFiles/STM32_Drivers.dir/__/__/Core/Src/system_stm32f3xx.c.obj
 .debug_macro   0x00000dc7       0x51 cmake/stm32cubemx/CMakeFiles/STM32_Drivers.dir/__/__/Core/Src/system_stm32f3xx.c.obj
 .debug_macro   0x00000e18      0x103 cmake/stm32cubemx/CMakeFiles/STM32_Drivers.dir/__/__/Core/Src/system_stm32f3xx.c.obj
 .debug_macro   0x00000f1b       0x6a cmake/stm32cubemx/CMakeFiles/STM32_Drivers.dir/__/__/Core/Src/system_stm32f3xx.c.obj
 .debug_macro   0x00000f85      0x1df cmake/stm32cubemx/CMakeFiles/STM32_Drivers.dir/__/__/Core/Src/system_stm32f3xx.c.obj
 .debug_macro   0x00001164       0x1c cmake/stm32cubemx/CMakeFiles/STM32_Drivers.dir/__/__/Core/Src/system_stm32f3xx.c.obj